
R version 3.5.0 (2018-04-23) -- "Joy in Playing"
Copyright (C) 2018 The R Foundation for Statistical Computing
Platform: x86_64-apple-darwin15.6.0 (64-bit)

R è un software libero ed è rilasciato SENZA ALCUNA GARANZIA.
Siamo ben lieti se potrai redistribuirlo, ma sotto certe condizioni.
Scrivi 'license()' o 'licence()' per dettagli su come distribuirlo.

R è un progetto di collaborazione con molti contributi esterni.
Scrivi 'contributors()' per maggiori informazioni e 'citation()'
per sapere come citare R o i pacchetti di R nelle pubblicazioni.

Scrivi 'demo()' per una dimostrazione, 'help()' per la guida in linea, o
'help.start()' per l'help navigabile con browser HTML.
Scrivi 'q()' per uscire da R.

[R.app GUI 1.70 (7521) x86_64-apple-darwin15.6.0]

> library(tidyverse);
Error in library(tidyverse) : there is no package called ‘tidyverse’
> library(ggplot2)
Error in library(ggplot2) : there is no package called ‘ggplot2’
> install.packages("ggplot2")
--- Please select a CRAN mirror for use in this session ---
also installing the dependencies ‘glue’, ‘magrittr’, ‘stringi’, ‘colorspace’, ‘assertthat’, ‘fansi’, ‘utf8’, ‘Rcpp’, ‘stringr’, ‘labeling’, ‘munsell’, ‘R6’, ‘RColorBrewer’, ‘cli’, ‘crayon’, ‘pillar’, ‘digest’, ‘gtable’, ‘lazyeval’, ‘plyr’, ‘reshape2’, ‘rlang’, ‘scales’, ‘tibble’, ‘viridisLite’, ‘withr’

provo con l'URL 'https://cran.stat.unipd.it/bin/macosx/el-capitan/contrib/3.5/glue_1.3.0.tgz'
Content type 'application/octet-stream' length 93553 bytes (91 KB)
==================================================
downloaded 91 KB

provo con l'URL 'https://cran.stat.unipd.it/bin/macosx/el-capitan/contrib/3.5/magrittr_1.5.tgz'
Content type 'application/octet-stream' length 152395 bytes (148 KB)
==================================================
downloaded 148 KB

provo con l'URL 'https://cran.stat.unipd.it/bin/macosx/el-capitan/contrib/3.5/stringi_1.2.4.tgz'
Content type 'application/octet-stream' length 13584342 bytes (13.0 MB)
==================================================
downloaded 13.0 MB

provo con l'URL 'https://cran.stat.unipd.it/bin/macosx/el-capitan/contrib/3.5/colorspace_1.3-2.tgz'
Content type 'application/octet-stream' length 516228 bytes (504 KB)
==================================================
downloaded 504 KB

provo con l'URL 'https://cran.stat.unipd.it/bin/macosx/el-capitan/contrib/3.5/assertthat_0.2.0.tgz'
Content type 'application/octet-stream' length 52476 bytes (51 KB)
==================================================
downloaded 51 KB

provo con l'URL 'https://cran.stat.unipd.it/bin/macosx/el-capitan/contrib/3.5/fansi_0.4.0.tgz'
Content type 'application/octet-stream' length 207507 bytes (202 KB)
==================================================
downloaded 202 KB

provo con l'URL 'https://cran.stat.unipd.it/bin/macosx/el-capitan/contrib/3.5/utf8_1.1.4.tgz'
Content type 'application/octet-stream' length 193968 bytes (189 KB)
==================================================
downloaded 189 KB

provo con l'URL 'https://cran.stat.unipd.it/bin/macosx/el-capitan/contrib/3.5/Rcpp_0.12.19.tgz'
Content type 'application/octet-stream' length 4621355 bytes (4.4 MB)
==================================================
downloaded 4.4 MB

provo con l'URL 'https://cran.stat.unipd.it/bin/macosx/el-capitan/contrib/3.5/stringr_1.3.1.tgz'
Content type 'application/octet-stream' length 186353 bytes (181 KB)
==================================================
downloaded 181 KB

provo con l'URL 'https://cran.stat.unipd.it/bin/macosx/el-capitan/contrib/3.5/labeling_0.3.tgz'
Content type 'application/octet-stream' length 60579 bytes (59 KB)
==================================================
downloaded 59 KB

provo con l'URL 'https://cran.stat.unipd.it/bin/macosx/el-capitan/contrib/3.5/munsell_0.5.0.tgz'
Content type 'application/octet-stream' length 240174 bytes (234 KB)
==================================================
downloaded 234 KB

provo con l'URL 'https://cran.stat.unipd.it/bin/macosx/el-capitan/contrib/3.5/R6_2.3.0.tgz'
Content type 'application/octet-stream' length 55479 bytes (54 KB)
==================================================
downloaded 54 KB

provo con l'URL 'https://cran.stat.unipd.it/bin/macosx/el-capitan/contrib/3.5/RColorBrewer_1.1-2.tgz'
Content type 'application/octet-stream' length 52941 bytes (51 KB)
==================================================
downloaded 51 KB

provo con l'URL 'https://cran.stat.unipd.it/bin/macosx/el-capitan/contrib/3.5/cli_1.0.1.tgz'
Content type 'application/octet-stream' length 574111 bytes (560 KB)
==================================================
downloaded 560 KB

provo con l'URL 'https://cran.stat.unipd.it/bin/macosx/el-capitan/contrib/3.5/crayon_1.3.4.tgz'
Content type 'application/octet-stream' length 750568 bytes (732 KB)
==================================================
downloaded 732 KB

provo con l'URL 'https://cran.stat.unipd.it/bin/macosx/el-capitan/contrib/3.5/pillar_1.3.0.tgz'
Content type 'application/octet-stream' length 151337 bytes (147 KB)
==================================================
downloaded 147 KB

provo con l'URL 'https://cran.stat.unipd.it/bin/macosx/el-capitan/contrib/3.5/digest_0.6.18.tgz'
Content type 'application/octet-stream' length 187193 bytes (182 KB)
==================================================
downloaded 182 KB

provo con l'URL 'https://cran.stat.unipd.it/bin/macosx/el-capitan/contrib/3.5/gtable_0.2.0.tgz'
Content type 'application/octet-stream' length 85683 bytes (83 KB)
==================================================
downloaded 83 KB

provo con l'URL 'https://cran.stat.unipd.it/bin/macosx/el-capitan/contrib/3.5/lazyeval_0.2.1.tgz'
Content type 'application/octet-stream' length 152654 bytes (149 KB)
==================================================
downloaded 149 KB

provo con l'URL 'https://cran.stat.unipd.it/bin/macosx/el-capitan/contrib/3.5/plyr_1.8.4.tgz'
Content type 'application/octet-stream' length 946407 bytes (924 KB)
==================================================
downloaded 924 KB

provo con l'URL 'https://cran.stat.unipd.it/bin/macosx/el-capitan/contrib/3.5/reshape2_1.4.3.tgz'
Content type 'application/octet-stream' length 286207 bytes (279 KB)
==================================================
downloaded 279 KB

provo con l'URL 'https://cran.stat.unipd.it/bin/macosx/el-capitan/contrib/3.5/rlang_0.3.0.1.tgz'
Content type 'application/octet-stream' length 1074996 bytes (1.0 MB)
==================================================
downloaded 1.0 MB

provo con l'URL 'https://cran.stat.unipd.it/bin/macosx/el-capitan/contrib/3.5/scales_1.0.0.tgz'
Content type 'application/octet-stream' length 701217 bytes (684 KB)
==================================================
downloaded 684 KB

provo con l'URL 'https://cran.stat.unipd.it/bin/macosx/el-capitan/contrib/3.5/tibble_1.4.2.tgz'
Content type 'application/octet-stream' length 230077 bytes (224 KB)
==================================================
downloaded 224 KB

provo con l'URL 'https://cran.stat.unipd.it/bin/macosx/el-capitan/contrib/3.5/viridisLite_0.3.0.tgz'
Content type 'application/octet-stream' length 57149 bytes (55 KB)
==================================================
downloaded 55 KB

provo con l'URL 'https://cran.stat.unipd.it/bin/macosx/el-capitan/contrib/3.5/withr_2.1.2.tgz'
Content type 'application/octet-stream' length 151252 bytes (147 KB)
==================================================
downloaded 147 KB

provo con l'URL 'https://cran.stat.unipd.it/bin/macosx/el-capitan/contrib/3.5/ggplot2_3.1.0.tgz'
Content type 'application/octet-stream' length 3622365 bytes (3.5 MB)
==================================================
downloaded 3.5 MB


The downloaded binary packages are in
	/var/folders/05/_3tvxqn547lf_vqkkbz_yzzc0000gn/T//RtmpkhVvVz/downloaded_packages
> library(ggplot2)
> library(tidyverse)
Error in library(tidyverse) : there is no package called ‘tidyverse’
> install.packages("tidyverse")
also installing the dependencies ‘ps’, ‘highr’, ‘markdown’, ‘xfun’, ‘bindr’, ‘rematch’, ‘base64enc’, ‘processx’, ‘knitr’, ‘yaml’, ‘htmltools’, ‘evaluate’, ‘rprojroot’, ‘tinytex’, ‘backports’, ‘bindrcpp’, ‘pkgconfig’, ‘tidyselect’, ‘BH’, ‘plogr’, ‘DBI’, ‘mime’, ‘curl’, ‘openssl’, ‘cellranger’, ‘callr’, ‘clipr’, ‘fs’, ‘rmarkdown’, ‘whisker’, ‘selectr’, ‘broom’, ‘dplyr’, ‘dbplyr’, ‘forcats’, ‘haven’, ‘hms’, ‘httr’, ‘jsonlite’, ‘lubridate’, ‘modelr’, ‘purrr’, ‘readr’, ‘readxl’, ‘reprex’, ‘rstudioapi’, ‘rvest’, ‘tidyr’, ‘xml2’

provo con l'URL 'https://cran.stat.unipd.it/bin/macosx/el-capitan/contrib/3.5/ps_1.2.0.tgz'
Content type 'application/octet-stream' length 201633 bytes (196 KB)
==================================================
downloaded 196 KB

provo con l'URL 'https://cran.stat.unipd.it/bin/macosx/el-capitan/contrib/3.5/highr_0.7.tgz'
Content type 'application/octet-stream' length 40634 bytes (39 KB)
==================================================
downloaded 39 KB

provo con l'URL 'https://cran.stat.unipd.it/bin/macosx/el-capitan/contrib/3.5/markdown_0.8.tgz'
Content type 'application/octet-stream' length 197889 bytes (193 KB)
==================================================
downloaded 193 KB

provo con l'URL 'https://cran.stat.unipd.it/bin/macosx/el-capitan/contrib/3.5/xfun_0.4.tgz'
Content type 'application/octet-stream' length 151955 bytes (148 KB)
==================================================
downloaded 148 KB

provo con l'URL 'https://cran.stat.unipd.it/bin/macosx/el-capitan/contrib/3.5/bindr_0.1.1.tgz'
Content type 'application/octet-stream' length 15250 bytes (14 KB)
==================================================
downloaded 14 KB

provo con l'URL 'https://cran.stat.unipd.it/bin/macosx/el-capitan/contrib/3.5/rematch_1.0.1.tgz'
Content type 'application/octet-stream' length 12397 bytes (12 KB)
==================================================
downloaded 12 KB

provo con l'URL 'https://cran.stat.unipd.it/bin/macosx/el-capitan/contrib/3.5/base64enc_0.1-3.tgz'
Content type 'application/octet-stream' length 31812 bytes (31 KB)
==================================================
downloaded 31 KB

provo con l'URL 'https://cran.stat.unipd.it/bin/macosx/el-capitan/contrib/3.5/processx_3.2.0.tgz'
Content type 'application/octet-stream' length 161701 bytes (157 KB)
==================================================
downloaded 157 KB

provo con l'URL 'https://cran.stat.unipd.it/bin/macosx/el-capitan/contrib/3.5/knitr_1.20.tgz'
Content type 'application/octet-stream' length 1135719 bytes (1.1 MB)
==================================================
downloaded 1.1 MB

provo con l'URL 'https://cran.stat.unipd.it/bin/macosx/el-capitan/contrib/3.5/yaml_2.2.0.tgz'
Content type 'application/octet-stream' length 196510 bytes (191 KB)
==================================================
downloaded 191 KB

provo con l'URL 'https://cran.stat.unipd.it/bin/macosx/el-capitan/contrib/3.5/htmltools_0.3.6.tgz'
Content type 'application/octet-stream' length 299141 bytes (292 KB)
==================================================
downloaded 292 KB

provo con l'URL 'https://cran.stat.unipd.it/bin/macosx/el-capitan/contrib/3.5/evaluate_0.12.tgz'
Content type 'application/octet-stream' length 71018 bytes (69 KB)
==================================================
downloaded 69 KB

provo con l'URL 'https://cran.stat.unipd.it/bin/macosx/el-capitan/contrib/3.5/rprojroot_1.3-2.tgz'
Content type 'application/octet-stream' length 78757 bytes (76 KB)
==================================================
downloaded 76 KB

provo con l'URL 'https://cran.stat.unipd.it/bin/macosx/el-capitan/contrib/3.5/tinytex_0.9.tgz'
Content type 'application/octet-stream' length 85722 bytes (83 KB)
==================================================
downloaded 83 KB

provo con l'URL 'https://cran.stat.unipd.it/bin/macosx/el-capitan/contrib/3.5/backports_1.1.2.tgz'
Content type 'application/octet-stream' length 43793 bytes (42 KB)
==================================================
downloaded 42 KB

provo con l'URL 'https://cran.stat.unipd.it/bin/macosx/el-capitan/contrib/3.5/bindrcpp_0.2.2.tgz'
Content type 'application/octet-stream' length 380736 bytes (371 KB)
==================================================
downloaded 371 KB

provo con l'URL 'https://cran.stat.unipd.it/bin/macosx/el-capitan/contrib/3.5/pkgconfig_2.0.2.tgz'
Content type 'application/octet-stream' length 17455 bytes (17 KB)
==================================================
downloaded 17 KB

provo con l'URL 'https://cran.stat.unipd.it/bin/macosx/el-capitan/contrib/3.5/tidyselect_0.2.5.tgz'
Content type 'application/octet-stream' length 301743 bytes (294 KB)
==================================================
downloaded 294 KB

provo con l'URL 'https://cran.stat.unipd.it/bin/macosx/el-capitan/contrib/3.5/BH_1.66.0-1.tgz'
Content type 'application/octet-stream' length 10959937 bytes (10.5 MB)
==================================================
downloaded 10.5 MB

provo con l'URL 'https://cran.stat.unipd.it/bin/macosx/el-capitan/contrib/3.5/plogr_0.2.0.tgz'
Content type 'application/octet-stream' length 13067 bytes (12 KB)
==================================================
downloaded 12 KB

provo con l'URL 'https://cran.stat.unipd.it/bin/macosx/el-capitan/contrib/3.5/DBI_1.0.0.tgz'
Content type 'application/octet-stream' length 876902 bytes (856 KB)
==================================================
downloaded 856 KB

provo con l'URL 'https://cran.stat.unipd.it/bin/macosx/el-capitan/contrib/3.5/mime_0.6.tgz'
Content type 'application/octet-stream' length 34823 bytes (34 KB)
==================================================
downloaded 34 KB

provo con l'URL 'https://cran.stat.unipd.it/bin/macosx/el-capitan/contrib/3.5/curl_3.2.tgz'
Content type 'application/octet-stream' length 427918 bytes (417 KB)
==================================================
downloaded 417 KB

provo con l'URL 'https://cran.stat.unipd.it/bin/macosx/el-capitan/contrib/3.5/openssl_1.0.2.tgz'
Content type 'application/octet-stream' length 2475153 bytes (2.4 MB)
==================================================
downloaded 2.4 MB

provo con l'URL 'https://cran.stat.unipd.it/bin/macosx/el-capitan/contrib/3.5/cellranger_1.1.0.tgz'
Content type 'application/octet-stream' length 102084 bytes (99 KB)
==================================================
downloaded 99 KB

provo con l'URL 'https://cran.stat.unipd.it/bin/macosx/el-capitan/contrib/3.5/callr_3.0.0.tgz'
Content type 'application/octet-stream' length 184109 bytes (179 KB)
==================================================
downloaded 179 KB

provo con l'URL 'https://cran.stat.unipd.it/bin/macosx/el-capitan/contrib/3.5/clipr_0.4.1.tgz'
Content type 'application/octet-stream' length 34960 bytes (34 KB)
==================================================
downloaded 34 KB

provo con l'URL 'https://cran.stat.unipd.it/bin/macosx/el-capitan/contrib/3.5/fs_1.2.6.tgz'
Content type 'application/octet-stream' length 739968 bytes (722 KB)
==================================================
downloaded 722 KB

provo con l'URL 'https://cran.stat.unipd.it/bin/macosx/el-capitan/contrib/3.5/rmarkdown_1.10.tgz'
Content type 'application/octet-stream' length 2804704 bytes (2.7 MB)
==================================================
downloaded 2.7 MB

provo con l'URL 'https://cran.stat.unipd.it/bin/macosx/el-capitan/contrib/3.5/whisker_0.3-2.tgz'
Content type 'application/octet-stream' length 64237 bytes (62 KB)
==================================================
downloaded 62 KB

provo con l'URL 'https://cran.stat.unipd.it/bin/macosx/el-capitan/contrib/3.5/selectr_0.4-1.tgz'
Content type 'application/octet-stream' length 381495 bytes (372 KB)
==================================================
downloaded 372 KB

provo con l'URL 'https://cran.stat.unipd.it/bin/macosx/el-capitan/contrib/3.5/broom_0.5.0.tgz'
Content type 'application/octet-stream' length 1993971 bytes (1.9 MB)
==================================================
downloaded 1.9 MB

provo con l'URL 'https://cran.stat.unipd.it/bin/macosx/el-capitan/contrib/3.5/dplyr_0.7.7.tgz'
Content type 'application/octet-stream' length 5725947 bytes (5.5 MB)
==================================================
downloaded 5.5 MB

provo con l'URL 'https://cran.stat.unipd.it/bin/macosx/el-capitan/contrib/3.5/dbplyr_1.2.2.tgz'
Content type 'application/octet-stream' length 516705 bytes (504 KB)
==================================================
downloaded 504 KB

provo con l'URL 'https://cran.stat.unipd.it/bin/macosx/el-capitan/contrib/3.5/forcats_0.3.0.tgz'
Content type 'application/octet-stream' length 209101 bytes (204 KB)
==================================================
downloaded 204 KB

provo con l'URL 'https://cran.stat.unipd.it/bin/macosx/el-capitan/contrib/3.5/haven_1.1.2.tgz'
Content type 'application/octet-stream' length 937657 bytes (915 KB)
==================================================
downloaded 915 KB

provo con l'URL 'https://cran.stat.unipd.it/bin/macosx/el-capitan/contrib/3.5/hms_0.4.2.tgz'
Content type 'application/octet-stream' length 54861 bytes (53 KB)
==================================================
downloaded 53 KB

provo con l'URL 'https://cran.stat.unipd.it/bin/macosx/el-capitan/contrib/3.5/httr_1.3.1.tgz'
Content type 'application/octet-stream' length 447943 bytes (437 KB)
==================================================
downloaded 437 KB

provo con l'URL 'https://cran.stat.unipd.it/bin/macosx/el-capitan/contrib/3.5/jsonlite_1.5.tgz'
Content type 'application/octet-stream' length 1157310 bytes (1.1 MB)
==================================================
downloaded 1.1 MB

provo con l'URL 'https://cran.stat.unipd.it/bin/macosx/el-capitan/contrib/3.5/lubridate_1.7.4.tgz'
Content type 'application/octet-stream' length 1456345 bytes (1.4 MB)
==================================================
downloaded 1.4 MB

provo con l'URL 'https://cran.stat.unipd.it/bin/macosx/el-capitan/contrib/3.5/modelr_0.1.2.tgz'
Content type 'application/octet-stream' length 194556 bytes (189 KB)
==================================================
downloaded 189 KB

provo con l'URL 'https://cran.stat.unipd.it/bin/macosx/el-capitan/contrib/3.5/purrr_0.2.5.tgz'
Content type 'application/octet-stream' length 283459 bytes (276 KB)
==================================================
downloaded 276 KB

provo con l'URL 'https://cran.stat.unipd.it/bin/macosx/el-capitan/contrib/3.5/readr_1.1.1.tgz'
Content type 'application/octet-stream' length 2144386 bytes (2.0 MB)
==================================================
downloaded 2.0 MB

provo con l'URL 'https://cran.stat.unipd.it/bin/macosx/el-capitan/contrib/3.5/readxl_1.1.0.tgz'
Content type 'application/octet-stream' length 1498484 bytes (1.4 MB)
==================================================
downloaded 1.4 MB

provo con l'URL 'https://cran.stat.unipd.it/bin/macosx/el-capitan/contrib/3.5/reprex_0.2.1.tgz'
Content type 'application/octet-stream' length 399973 bytes (390 KB)
==================================================
downloaded 390 KB

provo con l'URL 'https://cran.stat.unipd.it/bin/macosx/el-capitan/contrib/3.5/rstudioapi_0.8.tgz'
Content type 'application/octet-stream' length 147151 bytes (143 KB)
==================================================
downloaded 143 KB

provo con l'URL 'https://cran.stat.unipd.it/bin/macosx/el-capitan/contrib/3.5/rvest_0.3.2.tgz'
Content type 'application/octet-stream' length 880013 bytes (859 KB)
==================================================
downloaded 859 KB

provo con l'URL 'https://cran.stat.unipd.it/bin/macosx/el-capitan/contrib/3.5/tidyr_0.8.1.tgz'
Content type 'application/octet-stream' length 637948 bytes (622 KB)
==================================================
downloaded 622 KB

provo con l'URL 'https://cran.stat.unipd.it/bin/macosx/el-capitan/contrib/3.5/xml2_1.2.0.tgz'
Content type 'application/octet-stream' length 930565 bytes (908 KB)
==================================================
downloaded 908 KB

provo con l'URL 'https://cran.stat.unipd.it/bin/macosx/el-capitan/contrib/3.5/tidyverse_1.2.1.tgz'
Content type 'application/octet-stream' length 88754 bytes (86 KB)
==================================================
downloaded 86 KB


The downloaded binary packages are in
	/var/folders/05/_3tvxqn547lf_vqkkbz_yzzc0000gn/T//RtmpkhVvVz/downloaded_packages
library(tidyverse)
> library(tidyverse)
── Attaching packages ────────────────────────────────────── tidyverse 1.2.1 ──
✔ tibble  1.4.2     ✔ purrr   0.2.5
✔ tidyr   0.8.1     ✔ dplyr   0.7.7
✔ readr   1.1.1     ✔ stringr 1.3.1
✔ tibble  1.4.2     ✔ forcats 0.3.0
── Conflicts ───────────────────────────────────────── tidyverse_conflicts() ──
✖ dplyr::filter() masks stats::filter()
✖ dplyr::lag()    masks stats::lag()
✖ dplyr::vars()   masks ggplot2::vars()
> library(ggplot2)
> phyla <- read.delim(/Volumes/FEDE (WORK)/PostDoc Nijmegen/1st year/Metagenomic project/phyla (% OTUs).txt)
Errore: unexpected '/' in "phyla <- read.delim(/"
> phyla <- read.delim("/Volumes/FEDE (WORK)/PostDoc Nijmegen/1st year/Metagenomic project/phyla (% OTUs).txt")
> ggplot(phyla,aes(x=samples, y=phylum)) + geom_point()
Error in FUN(X[[i]], ...) : oggetto "samples" non trovato
> ggplot(phyla,aes(x=P7A-FD:P7W-PEG y=Archaea	Nanoarchaeaeota:No Relative)) + geom_point()
Errore: unexpected symbol in "ggplot(phyla,aes(x=P7A-FD:P7W-PEG y"
> ggplot(phyla,aes(x=P7A-FD:P7W-PEG y=Archaea\	Nanoarchaeaeota:No\ Relative)) + geom_point()
Errore: unexpected symbol in "ggplot(phyla,aes(x=P7A-FD:P7W-PEG y"
> ggplot(phyla,aes(x=P7A-FD:P7W-PEG y="Archaea Nanoarchaeaeota":"No Relative")) + geom_point()
Errore: unexpected symbol in "ggplot(phyla,aes(x=P7A-FD:P7W-PEG y"
> ggplot(phyla,aes(x=P7A-FD:P7W-PEG y=Archaea,Nanoarchaeaeota:No,Relative)) + geom_point()
Errore: unexpected symbol in "ggplot(phyla,aes(x=P7A-FD:P7W-PEG y"
> x <- P7A-FD, P7B-FD, P7B-PS, P7C-FD, P7C-PEG, P7W-FD, P7W-PEG
Errore: unexpected ',' in "x <- P7A-FD,"
> x <- c(P7A-FD, P7B-FD, P7B-PS, P7C-FD, P7C-PEG, P7W-FD, P7W-PEG)
Errore: oggetto "P7A" non trovato
> x <- c(P7A_FD, P7B_FD, P7B_PS, P7C_FD, P7C_PEG, P7W_FD, P7W_PEG)
Errore: oggetto "P7A_FD" non trovato
> ggplot(phyla,aes(x=P7A_FD, P7B_FD, P7B_PS, P7C_FD, P7C_PEG, P7W_FD, P7W_PEG y=phylum)) + geom_point()
Errore: unexpected symbol in "ggplot(phyla,aes(x=P7A_FD, P7B_FD, P7B_PS, P7C_FD, P7C_PEG, P7W_FD, P7W_PEG y"
> ggplot(phyla,aes(x = P7A_FD, P7B_FD, P7B_PS, P7C_FD, P7C_PEG, P7W_FD, P7W_PEG y = phylum)) + geom_point()
Errore: unexpected symbol in "ggplot(phyla,aes(x = P7A_FD, P7B_FD, P7B_PS, P7C_FD, P7C_PEG, P7W_FD, P7W_PEG y"
> ggplot(phyla, aes(x = P7A_FD, P7B_FD, P7B_PS, P7C_FD, P7C_PEG, P7W_FD, P7W_PEG y = phylum)) + geom_point()
Errore: unexpected symbol in "ggplot(phyla, aes(x = P7A_FD, P7B_FD, P7B_PS, P7C_FD, P7C_PEG, P7W_FD, P7W_PEG y"
> ggplot(phyla, aes(x = P7A_FD y = phylum)) + geom_point()
Errore: unexpected symbol in "ggplot(phyla, aes(x = P7A_FD y"
> ggplot(phyla, aes(x = P7A y = phylum)) + geom_point()
Errore: unexpected symbol in "ggplot(phyla, aes(x = P7A y"
> ggplot(phyla, aes(x = P7A y = phylum)) + geom_point(aes(fill=value))
Errore: unexpected symbol in "ggplot(phyla, aes(x = P7A y"
> library(tidyverse)
> library(ggplot2)
> phyla <- read.delim("/Volumes/FEDE (WORK)/PostDoc Nijmegen/1st year/Metagenomic project/phyla (% OTUs).txt")
> ggplot( phyla, aes( x = P7A_FD:P7W_PEG, 7 y = phylum)) + geom_point()
Errore: unexpected symbol in "ggplot( phyla, aes( x = P7A_FD:P7W_PEG, 7 y"
> ggplot( phyla, aes( x = P7A_FD:P7W_PEG, 7 ; y = phylum)) + geom_point()
Errore: unexpected ';' in "ggplot( phyla, aes( x = P7A_FD:P7W_PEG, 7 ;"
> ggplot( phyla, aes( x = P7A_FD  y = phylum)) + geom_point()
Errore: unexpected symbol in "ggplot( phyla, aes( x = P7A_FD  y"
> ggplot( phyla, aes( x = P7A_FD,  y = phylum)) + geom_point()
Error in UseMethod("depth") : 
  no applicable method for 'depth' applied to an object of class "NULL"
> ggplot( phyla, aes( x = P7A_FD:P7W_PEG, 7, y = phylum)) + geom_point()
> ggplot( phyla, aes( x = P7A_FD:P7W_PEG, 7, y = phylum)) + geom_point(aes(fill=value))
Error in FUN(X[[i]], ...) : oggetto "value" non trovato
> ggplot( phyla, aes( x = P7A_FD:P7W_PEG, y = phylum)) + geom_point()
Error in grid.Call.graphics(C_upviewport, as.integer(n)) : 
  cannot pop the top-level viewport ('grid' and 'graphics' output mixed?)
> ggplot( phyla, aes( x = P7A_FD, P7B_FD, P7B_PS, P7C_FD, P7C_PEG, P7W_FD, P7W_PEG 7, y = phylum)) + geom_point()
Errore: unexpected numeric constant in "ggplot( phyla, aes( x = P7A_FD, P7B_FD, P7B_PS, P7C_FD, P7C_PEG, P7W_FD, P7W_PEG 7"
> ggplot( phyla, aes( x = P7A_FD, P7B_FD, P7B_PS, P7C_FD, P7C_PEG, P7W_FD, P7W_PEG, 7, y = phylum)) + geom_point()
Warning message:
Duplicated aesthetics after name standardisation:  
> phyla <- read.delim("/Volumes/FEDE (WORK)/PostDoc Nijmegen/1st year/Metagenomic project/phyla (% OTUs).txt")
> ggplot( phyla, aes( x = P7A_FD, P7B_FD, P7B_PS, P7C_FD, P7C_PEG, P7W_FD, P7W_PEG, 7, y = phylum)) + geom_point(aes(fill=value))
Error in FUN(X[[i]], ...) : oggetto "value" non trovato
Inoltre: Warning message:
Duplicated aesthetics after name standardisation:  
> ggplot( phyla, aes( x = P7A_FD, P7B_FD, P7B_PS, P7C_FD, P7C_PEG, P7W_FD, P7W_PEG, 7, y = phylum)) + geom_point()
Error in grid.Call.graphics(C_upviewport, as.integer(n)) : 
  cannot pop the top-level viewport ('grid' and 'graphics' output mixed?)
Inoltre: Warning message:
Duplicated aesthetics after name standardisation:  
> head(phyla)
                        phylum P7A_FD P7B_FD P7B_PS P7C_FD P7C_PEG P7W_FD
1      Archaea,Nanoarchaeaeota   0.30   1.66   1.96   2.11    2.54   4.18
2       Bacteria,Acidobacteria   0.48   0.13   0.14   0.88    1.59   1.28
3      Bacteria,Actinobacteria   1.43   0.55   0.89   0.58    0.87   0.29
4       Bacteria,Bacteroidetes   8.74   4.65   5.89  17.78   16.54  17.49
5       Bacteria,Cyanobacteria   0.20   1.63   0.50   0.46    1.28   1.63
6 Bacteria,Deinococcus-Thermus   3.15   2.98   3.90   1.30    1.13   2.58
  P7W_PEG
1    4.95
2    1.07
3    0.47
4   15.74
5    4.06
6    1.78
> head(phyla)
                        phylum P7A_FD P7B_FD P7B_PS P7C_FD P7C_PEG P7W_FD P7W_PEG
1      Archaea,Nanoarchaeaeota   0.30   1.66   1.96   2.11    2.54   4.18    4.95
2       Bacteria,Acidobacteria   0.48   0.13   0.14   0.88    1.59   1.28    1.07
3      Bacteria,Actinobacteria   1.43   0.55   0.89   0.58    0.87   0.29    0.47
4       Bacteria,Bacteroidetes   8.74   4.65   5.89  17.78   16.54  17.49   15.74
5       Bacteria,Cyanobacteria   0.20   1.63   0.50   0.46    1.28   1.63    4.06
6 Bacteria,Deinococcus-Thermus   3.15   2.98   3.90   1.30    1.13   2.58    1.78
> ggplot( phyla, aes( x = P7A_FD, P7B_FD, P7B_PS, P7C_FD, P7C_PEG, P7W_FD, P7W_PEG, 7, y = phylum)) + geom_point()
Warning message:
Duplicated aesthetics after name standardisation:  
> ggplot( phyla, aes( x = P7A_FD, P7B_FD, P7B_PS, P7C_FD, P7C_PEG, P7W_FD, P7W_PEG, 7, y = phylum)) + geom_point(fill=value)
Error in layer(data = data, mapping = mapping, stat = stat, geom = GeomPoint,  : 
  oggetto "value" non trovato
Inoltre: Warning message:
Duplicated aesthetics after name standardisation:  
> ggplot( phyla, aes( x = P7A_FD, P7B_FD, P7B_PS, P7C_FD, P7C_PEG, P7W_FD, P7W_PEG, 7, y = phylum)) + geom_point(aes(fill=value))
Error in FUN(X[[i]], ...) : oggetto "value" non trovato
Inoltre: Warning message:
Duplicated aesthetics after name standardisation:  
> ggplot(data = phyla, aes(x=P7A_FD, P7B_FD, P7B_PS, P7C_FD, P7C_PEG, P7W_FD, P7W_PEG, 7, y=phylum, fill=value)) + 
+   geom_point()
Error in FUN(X[[i]], ...) : oggetto "value" non trovato
Inoltre: Warning message:
Duplicated aesthetics after name standardisation:  
> head(value)
Error in head(value) : oggetto "value" non trovato
> ggplot(data = phyla, aes(x=P7A_FD, P7B_FD, P7B_PS, P7C_FD, P7C_PEG, P7W_FD, P7W_PEG, 7, y=phylum, fill=Count)) + 
+   geom_point()
Error in FUN(X[[i]], ...) : oggetto "Count" non trovato
Inoltre: Warning message:
Duplicated aesthetics after name standardisation:  
> ggplot(data = phyla, aes(x=0 y=phylum, fill=Count)) + 
Errore: unexpected symbol in "ggplot(data = phyla, aes(x=0 y"
>   geom_point()
geom_point: na.rm = FALSE
stat_identity: na.rm = FALSE
position_identity 
> ggplot(data = phyla, aes(x=0 y=phylum, fill=Count)) + geom_point()
Errore: unexpected symbol in "ggplot(data = phyla, aes(x=0 y"
> phyla <- read.delim("/Volumes/FEDE (WORK)/PostDoc Nijmegen/1st year/Metagenomic project/phyla (% OTUs).txt", row.names=1)
> mat <- as.matrix(phyla)
> library(reshape2)

Attaching package: ‘reshape2’

The following object is masked from ‘package:tidyr’:

    smiths

> long <- melt(mat)
> head(long)
                          Var1   Var2 value
1      Archaea,Nanoarchaeaeota P7A_FD  0.30
2       Bacteria,Acidobacteria P7A_FD  0.48
3      Bacteria,Actinobacteria P7A_FD  1.43
4       Bacteria,Bacteroidetes P7A_FD  8.74
5       Bacteria,Cyanobacteria P7A_FD  0.20
6 Bacteria,Deinococcus-Thermus P7A_FD  3.15
> long
                            Var1    Var2 value
1        Archaea,Nanoarchaeaeota  P7A_FD  0.30
2         Bacteria,Acidobacteria  P7A_FD  0.48
3        Bacteria,Actinobacteria  P7A_FD  1.43
4         Bacteria,Bacteroidetes  P7A_FD  8.74
5         Bacteria,Cyanobacteria  P7A_FD  0.20
6   Bacteria,Deinococcus-Thermus  P7A_FD  3.15
7    Bacteria,Epsilonbacteraeota  P7A_FD  0.25
8            Bacteria,Firmicutes  P7A_FD 10.87
9       Bacteria,Patescibacteria  P7A_FD  0.77
10       Bacteria,Planctomycetes  P7A_FD  0.21
11       Bacteria,Proteobacteria  P7A_FD 62.11
12         Bacteria,Spirochaetes  P7A_FD  0.20
13          Bacteria,Tenericutes  P7A_FD  0.04
14          Bacteria,Thermotogae  P7A_FD  0.00
15      Bacteria,Verrucomicrobia  P7A_FD  0.30
16      Eukaryota,Archaeplastida  P7A_FD  0.00
17        Eukaryota,Opisthokonta  P7A_FD  0.14
18                 Eukaryota,SAR  P7A_FD  0.29
19                   No,Relative  P7A_FD 10.01
20       Archaea,Nanoarchaeaeota  P7B_FD  1.66
21        Bacteria,Acidobacteria  P7B_FD  0.13
22       Bacteria,Actinobacteria  P7B_FD  0.55
23        Bacteria,Bacteroidetes  P7B_FD  4.65
24        Bacteria,Cyanobacteria  P7B_FD  1.63
25  Bacteria,Deinococcus-Thermus  P7B_FD  2.98
26   Bacteria,Epsilonbacteraeota  P7B_FD  0.13
27           Bacteria,Firmicutes  P7B_FD  0.25
28      Bacteria,Patescibacteria  P7B_FD  1.89
29       Bacteria,Planctomycetes  P7B_FD  0.55
30       Bacteria,Proteobacteria  P7B_FD 73.74
31         Bacteria,Spirochaetes  P7B_FD  0.38
32          Bacteria,Tenericutes  P7B_FD  0.03
33          Bacteria,Thermotogae  P7B_FD  0.00
34      Bacteria,Verrucomicrobia  P7B_FD  0.38
35      Eukaryota,Archaeplastida  P7B_FD  0.24
36        Eukaryota,Opisthokonta  P7B_FD  2.45
37                 Eukaryota,SAR  P7B_FD  1.19
38                   No,Relative  P7B_FD  6.27
39       Archaea,Nanoarchaeaeota  P7B_PS  1.96
40        Bacteria,Acidobacteria  P7B_PS  0.14
41       Bacteria,Actinobacteria  P7B_PS  0.89
42        Bacteria,Bacteroidetes  P7B_PS  5.89
43        Bacteria,Cyanobacteria  P7B_PS  0.50
44  Bacteria,Deinococcus-Thermus  P7B_PS  3.90
45   Bacteria,Epsilonbacteraeota  P7B_PS  0.07
46           Bacteria,Firmicutes  P7B_PS  1.38
47      Bacteria,Patescibacteria  P7B_PS  2.32
48       Bacteria,Planctomycetes  P7B_PS  0.51
49       Bacteria,Proteobacteria  P7B_PS 48.58
50         Bacteria,Spirochaetes  P7B_PS  0.84
51          Bacteria,Tenericutes  P7B_PS  0.05
52          Bacteria,Thermotogae  P7B_PS  0.00
53      Bacteria,Verrucomicrobia  P7B_PS  0.23
54      Eukaryota,Archaeplastida  P7B_PS  0.00
55        Eukaryota,Opisthokonta  P7B_PS  3.38
56                 Eukaryota,SAR  P7B_PS  1.37
57                   No,Relative  P7B_PS 27.07
58       Archaea,Nanoarchaeaeota  P7C_FD  2.11
59        Bacteria,Acidobacteria  P7C_FD  0.88
60       Bacteria,Actinobacteria  P7C_FD  0.58
61        Bacteria,Bacteroidetes  P7C_FD 17.78
62        Bacteria,Cyanobacteria  P7C_FD  0.46
63  Bacteria,Deinococcus-Thermus  P7C_FD  1.30
64   Bacteria,Epsilonbacteraeota  P7C_FD 28.29
65           Bacteria,Firmicutes  P7C_FD  1.68
66      Bacteria,Patescibacteria  P7C_FD  1.02
67       Bacteria,Planctomycetes  P7C_FD  1.02
68       Bacteria,Proteobacteria  P7C_FD 29.53
69         Bacteria,Spirochaetes  P7C_FD  1.12
70          Bacteria,Tenericutes  P7C_FD  3.13
71          Bacteria,Thermotogae  P7C_FD  1.46
72      Bacteria,Verrucomicrobia  P7C_FD  0.84
73      Eukaryota,Archaeplastida  P7C_FD  0.32
74        Eukaryota,Opisthokonta  P7C_FD  0.00
75                 Eukaryota,SAR  P7C_FD  0.12
76                   No,Relative  P7C_FD  6.66
77       Archaea,Nanoarchaeaeota P7C_PEG  2.54
78        Bacteria,Acidobacteria P7C_PEG  1.59
79       Bacteria,Actinobacteria P7C_PEG  0.87
80        Bacteria,Bacteroidetes P7C_PEG 16.54
81        Bacteria,Cyanobacteria P7C_PEG  1.28
82  Bacteria,Deinococcus-Thermus P7C_PEG  1.13
83   Bacteria,Epsilonbacteraeota P7C_PEG 25.42
84           Bacteria,Firmicutes P7C_PEG  1.44
85      Bacteria,Patescibacteria P7C_PEG  1.23
86       Bacteria,Planctomycetes P7C_PEG  2.24
87       Bacteria,Proteobacteria P7C_PEG 30.68
88         Bacteria,Spirochaetes P7C_PEG  2.52
89          Bacteria,Tenericutes P7C_PEG  1.90
90          Bacteria,Thermotogae P7C_PEG  0.89
91      Bacteria,Verrucomicrobia P7C_PEG  1.08
92      Eukaryota,Archaeplastida P7C_PEG  0.59
93        Eukaryota,Opisthokonta P7C_PEG  0.09
94                 Eukaryota,SAR P7C_PEG  0.62
95                   No,Relative P7C_PEG  4.97
96       Archaea,Nanoarchaeaeota  P7W_FD  4.18
97        Bacteria,Acidobacteria  P7W_FD  1.28
98       Bacteria,Actinobacteria  P7W_FD  0.29
99        Bacteria,Bacteroidetes  P7W_FD 17.49
100       Bacteria,Cyanobacteria  P7W_FD  1.63
101 Bacteria,Deinococcus-Thermus  P7W_FD  2.58
102  Bacteria,Epsilonbacteraeota  P7W_FD  0.14
103          Bacteria,Firmicutes  P7W_FD  0.64
104     Bacteria,Patescibacteria  P7W_FD  4.45
105      Bacteria,Planctomycetes  P7W_FD  2.74
106      Bacteria,Proteobacteria  P7W_FD 47.30
107        Bacteria,Spirochaetes  P7W_FD  1.25
108         Bacteria,Tenericutes  P7W_FD  1.02
109         Bacteria,Thermotogae  P7W_FD  0.03
110     Bacteria,Verrucomicrobia  P7W_FD  2.94
111     Eukaryota,Archaeplastida  P7W_FD  0.79
112       Eukaryota,Opisthokonta  P7W_FD  0.05
113                Eukaryota,SAR  P7W_FD  0.87
114                  No,Relative  P7W_FD  8.13
115      Archaea,Nanoarchaeaeota P7W_PEG  4.95
116       Bacteria,Acidobacteria P7W_PEG  1.07
117      Bacteria,Actinobacteria P7W_PEG  0.47
118       Bacteria,Bacteroidetes P7W_PEG 15.74
119       Bacteria,Cyanobacteria P7W_PEG  4.06
120 Bacteria,Deinococcus-Thermus P7W_PEG  1.78
121  Bacteria,Epsilonbacteraeota P7W_PEG  0,33
122          Bacteria,Firmicutes P7W_PEG  0.94
123     Bacteria,Patescibacteria P7W_PEG  4.01
124      Bacteria,Planctomycetes P7W_PEG  4.08
125      Bacteria,Proteobacteria P7W_PEG 41.85
126        Bacteria,Spirochaetes P7W_PEG  1.06
127         Bacteria,Tenericutes P7W_PEG  1.04
128         Bacteria,Thermotogae P7W_PEG  0.05
129     Bacteria,Verrucomicrobia P7W_PEG  1.77
130     Eukaryota,Archaeplastida P7W_PEG  2.45
131       Eukaryota,Opisthokonta P7W_PEG  0.13
132                Eukaryota,SAR P7W_PEG  1.83
133                  No,Relative P7W_PEG  9.91
> colnames(long) <- c("P7A_FD","P7B_FD","P7B_PS","P7C_FD","P7C_PEG","P7W_FD","P7W_PEG")
Error in names(x) <- value : 
  l'attributo 'names' [7] deve essere della stessa lunghezza del vettore [3]
> colnames(long) <- c("domain_phylum","samples", "value")
> long
                   domain_phylum samples value
1        Archaea,Nanoarchaeaeota  P7A_FD  0.30
2         Bacteria,Acidobacteria  P7A_FD  0.48
3        Bacteria,Actinobacteria  P7A_FD  1.43
4         Bacteria,Bacteroidetes  P7A_FD  8.74
5         Bacteria,Cyanobacteria  P7A_FD  0.20
6   Bacteria,Deinococcus-Thermus  P7A_FD  3.15
7    Bacteria,Epsilonbacteraeota  P7A_FD  0.25
8            Bacteria,Firmicutes  P7A_FD 10.87
9       Bacteria,Patescibacteria  P7A_FD  0.77
10       Bacteria,Planctomycetes  P7A_FD  0.21
11       Bacteria,Proteobacteria  P7A_FD 62.11
12         Bacteria,Spirochaetes  P7A_FD  0.20
13          Bacteria,Tenericutes  P7A_FD  0.04
14          Bacteria,Thermotogae  P7A_FD  0.00
15      Bacteria,Verrucomicrobia  P7A_FD  0.30
16      Eukaryota,Archaeplastida  P7A_FD  0.00
17        Eukaryota,Opisthokonta  P7A_FD  0.14
18                 Eukaryota,SAR  P7A_FD  0.29
19                   No,Relative  P7A_FD 10.01
20       Archaea,Nanoarchaeaeota  P7B_FD  1.66
21        Bacteria,Acidobacteria  P7B_FD  0.13
22       Bacteria,Actinobacteria  P7B_FD  0.55
23        Bacteria,Bacteroidetes  P7B_FD  4.65
24        Bacteria,Cyanobacteria  P7B_FD  1.63
25  Bacteria,Deinococcus-Thermus  P7B_FD  2.98
26   Bacteria,Epsilonbacteraeota  P7B_FD  0.13
27           Bacteria,Firmicutes  P7B_FD  0.25
28      Bacteria,Patescibacteria  P7B_FD  1.89
29       Bacteria,Planctomycetes  P7B_FD  0.55
30       Bacteria,Proteobacteria  P7B_FD 73.74
31         Bacteria,Spirochaetes  P7B_FD  0.38
32          Bacteria,Tenericutes  P7B_FD  0.03
33          Bacteria,Thermotogae  P7B_FD  0.00
34      Bacteria,Verrucomicrobia  P7B_FD  0.38
35      Eukaryota,Archaeplastida  P7B_FD  0.24
36        Eukaryota,Opisthokonta  P7B_FD  2.45
37                 Eukaryota,SAR  P7B_FD  1.19
38                   No,Relative  P7B_FD  6.27
39       Archaea,Nanoarchaeaeota  P7B_PS  1.96
40        Bacteria,Acidobacteria  P7B_PS  0.14
41       Bacteria,Actinobacteria  P7B_PS  0.89
42        Bacteria,Bacteroidetes  P7B_PS  5.89
43        Bacteria,Cyanobacteria  P7B_PS  0.50
44  Bacteria,Deinococcus-Thermus  P7B_PS  3.90
45   Bacteria,Epsilonbacteraeota  P7B_PS  0.07
46           Bacteria,Firmicutes  P7B_PS  1.38
47      Bacteria,Patescibacteria  P7B_PS  2.32
48       Bacteria,Planctomycetes  P7B_PS  0.51
49       Bacteria,Proteobacteria  P7B_PS 48.58
50         Bacteria,Spirochaetes  P7B_PS  0.84
51          Bacteria,Tenericutes  P7B_PS  0.05
52          Bacteria,Thermotogae  P7B_PS  0.00
53      Bacteria,Verrucomicrobia  P7B_PS  0.23
54      Eukaryota,Archaeplastida  P7B_PS  0.00
55        Eukaryota,Opisthokonta  P7B_PS  3.38
56                 Eukaryota,SAR  P7B_PS  1.37
57                   No,Relative  P7B_PS 27.07
58       Archaea,Nanoarchaeaeota  P7C_FD  2.11
59        Bacteria,Acidobacteria  P7C_FD  0.88
60       Bacteria,Actinobacteria  P7C_FD  0.58
61        Bacteria,Bacteroidetes  P7C_FD 17.78
62        Bacteria,Cyanobacteria  P7C_FD  0.46
63  Bacteria,Deinococcus-Thermus  P7C_FD  1.30
64   Bacteria,Epsilonbacteraeota  P7C_FD 28.29
65           Bacteria,Firmicutes  P7C_FD  1.68
66      Bacteria,Patescibacteria  P7C_FD  1.02
67       Bacteria,Planctomycetes  P7C_FD  1.02
68       Bacteria,Proteobacteria  P7C_FD 29.53
69         Bacteria,Spirochaetes  P7C_FD  1.12
70          Bacteria,Tenericutes  P7C_FD  3.13
71          Bacteria,Thermotogae  P7C_FD  1.46
72      Bacteria,Verrucomicrobia  P7C_FD  0.84
73      Eukaryota,Archaeplastida  P7C_FD  0.32
74        Eukaryota,Opisthokonta  P7C_FD  0.00
75                 Eukaryota,SAR  P7C_FD  0.12
76                   No,Relative  P7C_FD  6.66
77       Archaea,Nanoarchaeaeota P7C_PEG  2.54
78        Bacteria,Acidobacteria P7C_PEG  1.59
79       Bacteria,Actinobacteria P7C_PEG  0.87
80        Bacteria,Bacteroidetes P7C_PEG 16.54
81        Bacteria,Cyanobacteria P7C_PEG  1.28
82  Bacteria,Deinococcus-Thermus P7C_PEG  1.13
83   Bacteria,Epsilonbacteraeota P7C_PEG 25.42
84           Bacteria,Firmicutes P7C_PEG  1.44
85      Bacteria,Patescibacteria P7C_PEG  1.23
86       Bacteria,Planctomycetes P7C_PEG  2.24
87       Bacteria,Proteobacteria P7C_PEG 30.68
88         Bacteria,Spirochaetes P7C_PEG  2.52
89          Bacteria,Tenericutes P7C_PEG  1.90
90          Bacteria,Thermotogae P7C_PEG  0.89
91      Bacteria,Verrucomicrobia P7C_PEG  1.08
92      Eukaryota,Archaeplastida P7C_PEG  0.59
93        Eukaryota,Opisthokonta P7C_PEG  0.09
94                 Eukaryota,SAR P7C_PEG  0.62
95                   No,Relative P7C_PEG  4.97
96       Archaea,Nanoarchaeaeota  P7W_FD  4.18
97        Bacteria,Acidobacteria  P7W_FD  1.28
98       Bacteria,Actinobacteria  P7W_FD  0.29
99        Bacteria,Bacteroidetes  P7W_FD 17.49
100       Bacteria,Cyanobacteria  P7W_FD  1.63
101 Bacteria,Deinococcus-Thermus  P7W_FD  2.58
102  Bacteria,Epsilonbacteraeota  P7W_FD  0.14
103          Bacteria,Firmicutes  P7W_FD  0.64
104     Bacteria,Patescibacteria  P7W_FD  4.45
105      Bacteria,Planctomycetes  P7W_FD  2.74
106      Bacteria,Proteobacteria  P7W_FD 47.30
107        Bacteria,Spirochaetes  P7W_FD  1.25
108         Bacteria,Tenericutes  P7W_FD  1.02
109         Bacteria,Thermotogae  P7W_FD  0.03
110     Bacteria,Verrucomicrobia  P7W_FD  2.94
111     Eukaryota,Archaeplastida  P7W_FD  0.79
112       Eukaryota,Opisthokonta  P7W_FD  0.05
113                Eukaryota,SAR  P7W_FD  0.87
114                  No,Relative  P7W_FD  8.13
115      Archaea,Nanoarchaeaeota P7W_PEG  4.95
116       Bacteria,Acidobacteria P7W_PEG  1.07
117      Bacteria,Actinobacteria P7W_PEG  0.47
118       Bacteria,Bacteroidetes P7W_PEG 15.74
119       Bacteria,Cyanobacteria P7W_PEG  4.06
120 Bacteria,Deinococcus-Thermus P7W_PEG  1.78
121  Bacteria,Epsilonbacteraeota P7W_PEG  0,33
122          Bacteria,Firmicutes P7W_PEG  0.94
123     Bacteria,Patescibacteria P7W_PEG  4.01
124      Bacteria,Planctomycetes P7W_PEG  4.08
125      Bacteria,Proteobacteria P7W_PEG 41.85
126        Bacteria,Spirochaetes P7W_PEG  1.06
127         Bacteria,Tenericutes P7W_PEG  1.04
128         Bacteria,Thermotogae P7W_PEG  0.05
129     Bacteria,Verrucomicrobia P7W_PEG  1.77
130     Eukaryota,Archaeplastida P7W_PEG  2.45
131       Eukaryota,Opisthokonta P7W_PEG  0.13
132                Eukaryota,SAR P7W_PEG  1.83
133                  No,Relative P7W_PEG  9.91
> ggplot(long, aes(x=samples, y=value)) + geom_point()
> ggplot(long, aes(x=samples, y=domain_plylum, fill=value)) + geom_point()
Error in FUN(X[[i]], ...) : oggetto "domain_plylum" non trovato
> ggplot(long, aes(x="samples", y="domain_plylum", fill=value)) + geom_point()
> ggplot(long, aes(x="samples", y="domain_plylum") + geom_point(aes(fill=value))
+ 
+ q
Errore: unexpected symbol in:
"
q"
> ggplot(long, aes(x="samples", y="domain_plylum") + geom_point()
+ 
+ 
+ Q
Errore: unexpected symbol in:
"
Q"
> ggplot(long, aes(x=samples, y=domain_phylum, fill=value)) + geom_point()
> ggplot(long, aes(x=samples, y=domain_phylum)) + geom_point()
> ggplot(long, aes(x=samples, y=domain_phylum)) + geom_point(aes(fill=value))
> ggplot(long, aes(x=samples, y=domain_phylum)) + geom_point(aes(size=value))
Warning message:
Using size for a discrete variable is not advised. 
> ggplot(long, aes(x=samples, y=domain_phylum, size=value)) + geom_point()
Warning message:
Using size for a discrete variable is not advised. 
> ggplot(long, aes(x=samples, y=domain_phylum, fill=value)) + geom_point()
> ggplot(long, aes(x=samples, y=domain_phylum)) + geom_point(aes(size=value)) + scale_size(range = range(long$value)) + theme_bw()
Error in Summary.factor(c(16L, 20L, 45L, 77L, 10L, 66L, 14L, 90L, 28L,  : 
  ‘range’ not meaningful for factors
> ggplot(long, aes(x=samples, y=domain_phylum)) + geom_point(aes(size=value)) + scale_size(range = range(0,5)) + theme_bw()
Errore: Discrete value supplied to continuous scale
> ggplot(long, aes(x=samples, y=domain_phylum)) + geom_point(aes(size=value)) + scale_size(range = range(0:5)) + theme_bw()
Errore: Discrete value supplied to continuous scale
> ggplot(long, aes(x=samples, y=domain_phylum)) + geom_point(aes(size=value)) + scale_size(range = range(long$value)) + theme_bw()
Error in Summary.factor(c(16L, 20L, 45L, 77L, 10L, 66L, 14L, 90L, 28L,  : 
  ‘range’ not meaningful for factors
> long
                   domain_phylum samples value
1        Archaea,Nanoarchaeaeota  P7A_FD  0.30
2         Bacteria,Acidobacteria  P7A_FD  0.48
3        Bacteria,Actinobacteria  P7A_FD  1.43
4         Bacteria,Bacteroidetes  P7A_FD  8.74
5         Bacteria,Cyanobacteria  P7A_FD  0.20
6   Bacteria,Deinococcus-Thermus  P7A_FD  3.15
7    Bacteria,Epsilonbacteraeota  P7A_FD  0.25
8            Bacteria,Firmicutes  P7A_FD 10.87
9       Bacteria,Patescibacteria  P7A_FD  0.77
10       Bacteria,Planctomycetes  P7A_FD  0.21
11       Bacteria,Proteobacteria  P7A_FD 62.11
12         Bacteria,Spirochaetes  P7A_FD  0.20
13          Bacteria,Tenericutes  P7A_FD  0.04
14          Bacteria,Thermotogae  P7A_FD  0.00
15      Bacteria,Verrucomicrobia  P7A_FD  0.30
16      Eukaryota,Archaeplastida  P7A_FD  0.00
17        Eukaryota,Opisthokonta  P7A_FD  0.14
18                 Eukaryota,SAR  P7A_FD  0.29
19                   No,Relative  P7A_FD 10.01
20       Archaea,Nanoarchaeaeota  P7B_FD  1.66
21        Bacteria,Acidobacteria  P7B_FD  0.13
22       Bacteria,Actinobacteria  P7B_FD  0.55
23        Bacteria,Bacteroidetes  P7B_FD  4.65
24        Bacteria,Cyanobacteria  P7B_FD  1.63
25  Bacteria,Deinococcus-Thermus  P7B_FD  2.98
26   Bacteria,Epsilonbacteraeota  P7B_FD  0.13
27           Bacteria,Firmicutes  P7B_FD  0.25
28      Bacteria,Patescibacteria  P7B_FD  1.89
29       Bacteria,Planctomycetes  P7B_FD  0.55
30       Bacteria,Proteobacteria  P7B_FD 73.74
31         Bacteria,Spirochaetes  P7B_FD  0.38
32          Bacteria,Tenericutes  P7B_FD  0.03
33          Bacteria,Thermotogae  P7B_FD  0.00
34      Bacteria,Verrucomicrobia  P7B_FD  0.38
35      Eukaryota,Archaeplastida  P7B_FD  0.24
36        Eukaryota,Opisthokonta  P7B_FD  2.45
37                 Eukaryota,SAR  P7B_FD  1.19
38                   No,Relative  P7B_FD  6.27
39       Archaea,Nanoarchaeaeota  P7B_PS  1.96
40        Bacteria,Acidobacteria  P7B_PS  0.14
41       Bacteria,Actinobacteria  P7B_PS  0.89
42        Bacteria,Bacteroidetes  P7B_PS  5.89
43        Bacteria,Cyanobacteria  P7B_PS  0.50
44  Bacteria,Deinococcus-Thermus  P7B_PS  3.90
45   Bacteria,Epsilonbacteraeota  P7B_PS  0.07
46           Bacteria,Firmicutes  P7B_PS  1.38
47      Bacteria,Patescibacteria  P7B_PS  2.32
48       Bacteria,Planctomycetes  P7B_PS  0.51
49       Bacteria,Proteobacteria  P7B_PS 48.58
50         Bacteria,Spirochaetes  P7B_PS  0.84
51          Bacteria,Tenericutes  P7B_PS  0.05
52          Bacteria,Thermotogae  P7B_PS  0.00
53      Bacteria,Verrucomicrobia  P7B_PS  0.23
54      Eukaryota,Archaeplastida  P7B_PS  0.00
55        Eukaryota,Opisthokonta  P7B_PS  3.38
56                 Eukaryota,SAR  P7B_PS  1.37
57                   No,Relative  P7B_PS 27.07
58       Archaea,Nanoarchaeaeota  P7C_FD  2.11
59        Bacteria,Acidobacteria  P7C_FD  0.88
60       Bacteria,Actinobacteria  P7C_FD  0.58
61        Bacteria,Bacteroidetes  P7C_FD 17.78
62        Bacteria,Cyanobacteria  P7C_FD  0.46
63  Bacteria,Deinococcus-Thermus  P7C_FD  1.30
64   Bacteria,Epsilonbacteraeota  P7C_FD 28.29
65           Bacteria,Firmicutes  P7C_FD  1.68
66      Bacteria,Patescibacteria  P7C_FD  1.02
67       Bacteria,Planctomycetes  P7C_FD  1.02
68       Bacteria,Proteobacteria  P7C_FD 29.53
69         Bacteria,Spirochaetes  P7C_FD  1.12
70          Bacteria,Tenericutes  P7C_FD  3.13
71          Bacteria,Thermotogae  P7C_FD  1.46
72      Bacteria,Verrucomicrobia  P7C_FD  0.84
73      Eukaryota,Archaeplastida  P7C_FD  0.32
74        Eukaryota,Opisthokonta  P7C_FD  0.00
75                 Eukaryota,SAR  P7C_FD  0.12
76                   No,Relative  P7C_FD  6.66
77       Archaea,Nanoarchaeaeota P7C_PEG  2.54
78        Bacteria,Acidobacteria P7C_PEG  1.59
79       Bacteria,Actinobacteria P7C_PEG  0.87
80        Bacteria,Bacteroidetes P7C_PEG 16.54
81        Bacteria,Cyanobacteria P7C_PEG  1.28
82  Bacteria,Deinococcus-Thermus P7C_PEG  1.13
83   Bacteria,Epsilonbacteraeota P7C_PEG 25.42
84           Bacteria,Firmicutes P7C_PEG  1.44
85      Bacteria,Patescibacteria P7C_PEG  1.23
86       Bacteria,Planctomycetes P7C_PEG  2.24
87       Bacteria,Proteobacteria P7C_PEG 30.68
88         Bacteria,Spirochaetes P7C_PEG  2.52
89          Bacteria,Tenericutes P7C_PEG  1.90
90          Bacteria,Thermotogae P7C_PEG  0.89
91      Bacteria,Verrucomicrobia P7C_PEG  1.08
92      Eukaryota,Archaeplastida P7C_PEG  0.59
93        Eukaryota,Opisthokonta P7C_PEG  0.09
94                 Eukaryota,SAR P7C_PEG  0.62
95                   No,Relative P7C_PEG  4.97
96       Archaea,Nanoarchaeaeota  P7W_FD  4.18
97        Bacteria,Acidobacteria  P7W_FD  1.28
98       Bacteria,Actinobacteria  P7W_FD  0.29
99        Bacteria,Bacteroidetes  P7W_FD 17.49
100       Bacteria,Cyanobacteria  P7W_FD  1.63
101 Bacteria,Deinococcus-Thermus  P7W_FD  2.58
102  Bacteria,Epsilonbacteraeota  P7W_FD  0.14
103          Bacteria,Firmicutes  P7W_FD  0.64
104     Bacteria,Patescibacteria  P7W_FD  4.45
105      Bacteria,Planctomycetes  P7W_FD  2.74
106      Bacteria,Proteobacteria  P7W_FD 47.30
107        Bacteria,Spirochaetes  P7W_FD  1.25
108         Bacteria,Tenericutes  P7W_FD  1.02
109         Bacteria,Thermotogae  P7W_FD  0.03
110     Bacteria,Verrucomicrobia  P7W_FD  2.94
111     Eukaryota,Archaeplastida  P7W_FD  0.79
112       Eukaryota,Opisthokonta  P7W_FD  0.05
113                Eukaryota,SAR  P7W_FD  0.87
114                  No,Relative  P7W_FD  8.13
115      Archaea,Nanoarchaeaeota P7W_PEG  4.95
116       Bacteria,Acidobacteria P7W_PEG  1.07
117      Bacteria,Actinobacteria P7W_PEG  0.47
118       Bacteria,Bacteroidetes P7W_PEG 15.74
119       Bacteria,Cyanobacteria P7W_PEG  4.06
120 Bacteria,Deinococcus-Thermus P7W_PEG  1.78
121  Bacteria,Epsilonbacteraeota P7W_PEG  0,33
122          Bacteria,Firmicutes P7W_PEG  0.94
123     Bacteria,Patescibacteria P7W_PEG  4.01
124      Bacteria,Planctomycetes P7W_PEG  4.08
125      Bacteria,Proteobacteria P7W_PEG 41.85
126        Bacteria,Spirochaetes P7W_PEG  1.06
127         Bacteria,Tenericutes P7W_PEG  1.04
128         Bacteria,Thermotogae P7W_PEG  0.05
129     Bacteria,Verrucomicrobia P7W_PEG  1.77
130     Eukaryota,Archaeplastida P7W_PEG  2.45
131       Eukaryota,Opisthokonta P7W_PEG  0.13
132                Eukaryota,SAR P7W_PEG  1.83
133                  No,Relative P7W_PEG  9.91
> phyla <- read.table("/Volumes/FEDE (WORK)/PostDoc Nijmegen/1st year/Metagenomic project/phyla (% OTUs).txt", row.names=1)
> mat <- as.matrix(phyla)
> library(reshape2)
> OTUs number <- melt(mat)
Errore: unexpected symbol in "OTUs number"
> OTUs <- melt(mat)
> head(OTUs)
                     Var1 Var2  value
1                  phylum   V2 P7A_FD
2 Archaea,Nanoarchaeaeota   V2    0.3
3  Bacteria,Acidobacteria   V2   0.48
4 Bacteria,Actinobacteria   V2   1.43
5  Bacteria,Bacteroidetes   V2   8.74
6  Bacteria,Cyanobacteria   V2    0.2
> OTUs
                            Var1 Var2   value
1                         phylum   V2  P7A_FD
2        Archaea,Nanoarchaeaeota   V2     0.3
3         Bacteria,Acidobacteria   V2    0.48
4        Bacteria,Actinobacteria   V2    1.43
5         Bacteria,Bacteroidetes   V2    8.74
6         Bacteria,Cyanobacteria   V2     0.2
7   Bacteria,Deinococcus-Thermus   V2    3.15
8    Bacteria,Epsilonbacteraeota   V2    0.25
9            Bacteria,Firmicutes   V2   10.87
10      Bacteria,Patescibacteria   V2    0.77
11       Bacteria,Planctomycetes   V2    0.21
12       Bacteria,Proteobacteria   V2   62.11
13         Bacteria,Spirochaetes   V2     0.2
14          Bacteria,Tenericutes   V2    0.04
15          Bacteria,Thermotogae   V2       0
16      Bacteria,Verrucomicrobia   V2     0.3
17      Eukaryota,Archaeplastida   V2       0
18        Eukaryota,Opisthokonta   V2    0.14
19                 Eukaryota,SAR   V2    0.29
20                   No,Relative   V2   10.01
21                        phylum   V3  P7B_FD
22       Archaea,Nanoarchaeaeota   V3    1.66
23        Bacteria,Acidobacteria   V3    0.13
24       Bacteria,Actinobacteria   V3    0.55
25        Bacteria,Bacteroidetes   V3    4.65
26        Bacteria,Cyanobacteria   V3    1.63
27  Bacteria,Deinococcus-Thermus   V3    2.98
28   Bacteria,Epsilonbacteraeota   V3    0.13
29           Bacteria,Firmicutes   V3    0.25
30      Bacteria,Patescibacteria   V3    1.89
31       Bacteria,Planctomycetes   V3    0.55
32       Bacteria,Proteobacteria   V3   73.74
33         Bacteria,Spirochaetes   V3    0.38
34          Bacteria,Tenericutes   V3    0.03
35          Bacteria,Thermotogae   V3       0
36      Bacteria,Verrucomicrobia   V3    0.38
37      Eukaryota,Archaeplastida   V3    0.24
38        Eukaryota,Opisthokonta   V3    2.45
39                 Eukaryota,SAR   V3    1.19
40                   No,Relative   V3    6.27
41                        phylum   V4  P7B_PS
42       Archaea,Nanoarchaeaeota   V4    1.96
43        Bacteria,Acidobacteria   V4    0.14
44       Bacteria,Actinobacteria   V4    0.89
45        Bacteria,Bacteroidetes   V4    5.89
46        Bacteria,Cyanobacteria   V4     0.5
47  Bacteria,Deinococcus-Thermus   V4     3.9
48   Bacteria,Epsilonbacteraeota   V4    0.07
49           Bacteria,Firmicutes   V4    1.38
50      Bacteria,Patescibacteria   V4    2.32
51       Bacteria,Planctomycetes   V4    0.51
52       Bacteria,Proteobacteria   V4   48.58
53         Bacteria,Spirochaetes   V4    0.84
54          Bacteria,Tenericutes   V4    0.05
55          Bacteria,Thermotogae   V4       0
56      Bacteria,Verrucomicrobia   V4    0.23
57      Eukaryota,Archaeplastida   V4       0
58        Eukaryota,Opisthokonta   V4    3.38
59                 Eukaryota,SAR   V4    1.37
60                   No,Relative   V4   27.07
61                        phylum   V5  P7C_FD
62       Archaea,Nanoarchaeaeota   V5    2.11
63        Bacteria,Acidobacteria   V5    0.88
64       Bacteria,Actinobacteria   V5    0.58
65        Bacteria,Bacteroidetes   V5   17.78
66        Bacteria,Cyanobacteria   V5    0.46
67  Bacteria,Deinococcus-Thermus   V5     1.3
68   Bacteria,Epsilonbacteraeota   V5   28.29
69           Bacteria,Firmicutes   V5    1.68
70      Bacteria,Patescibacteria   V5    1.02
71       Bacteria,Planctomycetes   V5    1.02
72       Bacteria,Proteobacteria   V5   29.53
73         Bacteria,Spirochaetes   V5    1.12
74          Bacteria,Tenericutes   V5    3.13
75          Bacteria,Thermotogae   V5    1.46
76      Bacteria,Verrucomicrobia   V5    0.84
77      Eukaryota,Archaeplastida   V5    0.32
78        Eukaryota,Opisthokonta   V5       0
79                 Eukaryota,SAR   V5    0.12
80                   No,Relative   V5    6.66
81                        phylum   V6 P7C_PEG
82       Archaea,Nanoarchaeaeota   V6    2.54
83        Bacteria,Acidobacteria   V6    1.59
84       Bacteria,Actinobacteria   V6    0.87
85        Bacteria,Bacteroidetes   V6   16.54
86        Bacteria,Cyanobacteria   V6    1.28
87  Bacteria,Deinococcus-Thermus   V6    1.13
88   Bacteria,Epsilonbacteraeota   V6   25.42
89           Bacteria,Firmicutes   V6    1.44
90      Bacteria,Patescibacteria   V6    1.23
91       Bacteria,Planctomycetes   V6    2.24
92       Bacteria,Proteobacteria   V6   30.68
93         Bacteria,Spirochaetes   V6    2.52
94          Bacteria,Tenericutes   V6     1.9
95          Bacteria,Thermotogae   V6    0.89
96      Bacteria,Verrucomicrobia   V6    1.08
97      Eukaryota,Archaeplastida   V6    0.59
98        Eukaryota,Opisthokonta   V6    0.09
99                 Eukaryota,SAR   V6    0.62
100                  No,Relative   V6    4.97
101                       phylum   V7  P7W_FD
102      Archaea,Nanoarchaeaeota   V7    4.18
103       Bacteria,Acidobacteria   V7    1.28
104      Bacteria,Actinobacteria   V7    0.29
105       Bacteria,Bacteroidetes   V7   17.49
106       Bacteria,Cyanobacteria   V7    1.63
107 Bacteria,Deinococcus-Thermus   V7    2.58
108  Bacteria,Epsilonbacteraeota   V7    0.14
109          Bacteria,Firmicutes   V7    0.64
110     Bacteria,Patescibacteria   V7    4.45
111      Bacteria,Planctomycetes   V7    2.74
112      Bacteria,Proteobacteria   V7    47.3
113        Bacteria,Spirochaetes   V7    1.25
114         Bacteria,Tenericutes   V7    1.02
115         Bacteria,Thermotogae   V7    0.03
116     Bacteria,Verrucomicrobia   V7    2.94
117     Eukaryota,Archaeplastida   V7    0.79
118       Eukaryota,Opisthokonta   V7    0.05
119                Eukaryota,SAR   V7    0.87
120                  No,Relative   V7    8.13
121                       phylum   V8 P7W_PEG
122      Archaea,Nanoarchaeaeota   V8    4.95
123       Bacteria,Acidobacteria   V8    1.07
124      Bacteria,Actinobacteria   V8    0.47
125       Bacteria,Bacteroidetes   V8   15.74
126       Bacteria,Cyanobacteria   V8    4.06
127 Bacteria,Deinococcus-Thermus   V8    1.78
128  Bacteria,Epsilonbacteraeota   V8    0,33
129          Bacteria,Firmicutes   V8    0.94
130     Bacteria,Patescibacteria   V8    4.01
131      Bacteria,Planctomycetes   V8    4.08
132      Bacteria,Proteobacteria   V8   41.85
133        Bacteria,Spirochaetes   V8    1.06
134         Bacteria,Tenericutes   V8    1.04
135         Bacteria,Thermotogae   V8    0.05
136     Bacteria,Verrucomicrobia   V8    1.77
137     Eukaryota,Archaeplastida   V8    2.45
138       Eukaryota,Opisthokonta   V8    0.13
139                Eukaryota,SAR   V8    1.83
140                  No,Relative   V8    9.91
> phyla <- read.delim("/Volumes/FEDE (WORK)/PostDoc Nijmegen/1st year/Metagenomic project/phyla (% OTUs).txt", row.names=1)
> mat <- as.matrix(phyla)
> OTUs <- melt(mat)
> OTUs
                            Var1    Var2 value
1        Archaea,Nanoarchaeaeota  P7A_FD  0.30
2         Bacteria,Acidobacteria  P7A_FD  0.48
3        Bacteria,Actinobacteria  P7A_FD  1.43
4         Bacteria,Bacteroidetes  P7A_FD  8.74
5         Bacteria,Cyanobacteria  P7A_FD  0.20
6   Bacteria,Deinococcus-Thermus  P7A_FD  3.15
7    Bacteria,Epsilonbacteraeota  P7A_FD  0.25
8            Bacteria,Firmicutes  P7A_FD 10.87
9       Bacteria,Patescibacteria  P7A_FD  0.77
10       Bacteria,Planctomycetes  P7A_FD  0.21
11       Bacteria,Proteobacteria  P7A_FD 62.11
12         Bacteria,Spirochaetes  P7A_FD  0.20
13          Bacteria,Tenericutes  P7A_FD  0.04
14          Bacteria,Thermotogae  P7A_FD  0.00
15      Bacteria,Verrucomicrobia  P7A_FD  0.30
16      Eukaryota,Archaeplastida  P7A_FD  0.00
17        Eukaryota,Opisthokonta  P7A_FD  0.14
18                 Eukaryota,SAR  P7A_FD  0.29
19                   No,Relative  P7A_FD 10.01
20       Archaea,Nanoarchaeaeota  P7B_FD  1.66
21        Bacteria,Acidobacteria  P7B_FD  0.13
22       Bacteria,Actinobacteria  P7B_FD  0.55
23        Bacteria,Bacteroidetes  P7B_FD  4.65
24        Bacteria,Cyanobacteria  P7B_FD  1.63
25  Bacteria,Deinococcus-Thermus  P7B_FD  2.98
26   Bacteria,Epsilonbacteraeota  P7B_FD  0.13
27           Bacteria,Firmicutes  P7B_FD  0.25
28      Bacteria,Patescibacteria  P7B_FD  1.89
29       Bacteria,Planctomycetes  P7B_FD  0.55
30       Bacteria,Proteobacteria  P7B_FD 73.74
31         Bacteria,Spirochaetes  P7B_FD  0.38
32          Bacteria,Tenericutes  P7B_FD  0.03
33          Bacteria,Thermotogae  P7B_FD  0.00
34      Bacteria,Verrucomicrobia  P7B_FD  0.38
35      Eukaryota,Archaeplastida  P7B_FD  0.24
36        Eukaryota,Opisthokonta  P7B_FD  2.45
37                 Eukaryota,SAR  P7B_FD  1.19
38                   No,Relative  P7B_FD  6.27
39       Archaea,Nanoarchaeaeota  P7B_PS  1.96
40        Bacteria,Acidobacteria  P7B_PS  0.14
41       Bacteria,Actinobacteria  P7B_PS  0.89
42        Bacteria,Bacteroidetes  P7B_PS  5.89
43        Bacteria,Cyanobacteria  P7B_PS  0.50
44  Bacteria,Deinococcus-Thermus  P7B_PS  3.90
45   Bacteria,Epsilonbacteraeota  P7B_PS  0.07
46           Bacteria,Firmicutes  P7B_PS  1.38
47      Bacteria,Patescibacteria  P7B_PS  2.32
48       Bacteria,Planctomycetes  P7B_PS  0.51
49       Bacteria,Proteobacteria  P7B_PS 48.58
50         Bacteria,Spirochaetes  P7B_PS  0.84
51          Bacteria,Tenericutes  P7B_PS  0.05
52          Bacteria,Thermotogae  P7B_PS  0.00
53      Bacteria,Verrucomicrobia  P7B_PS  0.23
54      Eukaryota,Archaeplastida  P7B_PS  0.00
55        Eukaryota,Opisthokonta  P7B_PS  3.38
56                 Eukaryota,SAR  P7B_PS  1.37
57                   No,Relative  P7B_PS 27.07
58       Archaea,Nanoarchaeaeota  P7C_FD  2.11
59        Bacteria,Acidobacteria  P7C_FD  0.88
60       Bacteria,Actinobacteria  P7C_FD  0.58
61        Bacteria,Bacteroidetes  P7C_FD 17.78
62        Bacteria,Cyanobacteria  P7C_FD  0.46
63  Bacteria,Deinococcus-Thermus  P7C_FD  1.30
64   Bacteria,Epsilonbacteraeota  P7C_FD 28.29
65           Bacteria,Firmicutes  P7C_FD  1.68
66      Bacteria,Patescibacteria  P7C_FD  1.02
67       Bacteria,Planctomycetes  P7C_FD  1.02
68       Bacteria,Proteobacteria  P7C_FD 29.53
69         Bacteria,Spirochaetes  P7C_FD  1.12
70          Bacteria,Tenericutes  P7C_FD  3.13
71          Bacteria,Thermotogae  P7C_FD  1.46
72      Bacteria,Verrucomicrobia  P7C_FD  0.84
73      Eukaryota,Archaeplastida  P7C_FD  0.32
74        Eukaryota,Opisthokonta  P7C_FD  0.00
75                 Eukaryota,SAR  P7C_FD  0.12
76                   No,Relative  P7C_FD  6.66
77       Archaea,Nanoarchaeaeota P7C_PEG  2.54
78        Bacteria,Acidobacteria P7C_PEG  1.59
79       Bacteria,Actinobacteria P7C_PEG  0.87
80        Bacteria,Bacteroidetes P7C_PEG 16.54
81        Bacteria,Cyanobacteria P7C_PEG  1.28
82  Bacteria,Deinococcus-Thermus P7C_PEG  1.13
83   Bacteria,Epsilonbacteraeota P7C_PEG 25.42
84           Bacteria,Firmicutes P7C_PEG  1.44
85      Bacteria,Patescibacteria P7C_PEG  1.23
86       Bacteria,Planctomycetes P7C_PEG  2.24
87       Bacteria,Proteobacteria P7C_PEG 30.68
88         Bacteria,Spirochaetes P7C_PEG  2.52
89          Bacteria,Tenericutes P7C_PEG  1.90
90          Bacteria,Thermotogae P7C_PEG  0.89
91      Bacteria,Verrucomicrobia P7C_PEG  1.08
92      Eukaryota,Archaeplastida P7C_PEG  0.59
93        Eukaryota,Opisthokonta P7C_PEG  0.09
94                 Eukaryota,SAR P7C_PEG  0.62
95                   No,Relative P7C_PEG  4.97
96       Archaea,Nanoarchaeaeota  P7W_FD  4.18
97        Bacteria,Acidobacteria  P7W_FD  1.28
98       Bacteria,Actinobacteria  P7W_FD  0.29
99        Bacteria,Bacteroidetes  P7W_FD 17.49
100       Bacteria,Cyanobacteria  P7W_FD  1.63
101 Bacteria,Deinococcus-Thermus  P7W_FD  2.58
102  Bacteria,Epsilonbacteraeota  P7W_FD  0.14
103          Bacteria,Firmicutes  P7W_FD  0.64
104     Bacteria,Patescibacteria  P7W_FD  4.45
105      Bacteria,Planctomycetes  P7W_FD  2.74
106      Bacteria,Proteobacteria  P7W_FD 47.30
107        Bacteria,Spirochaetes  P7W_FD  1.25
108         Bacteria,Tenericutes  P7W_FD  1.02
109         Bacteria,Thermotogae  P7W_FD  0.03
110     Bacteria,Verrucomicrobia  P7W_FD  2.94
111     Eukaryota,Archaeplastida  P7W_FD  0.79
112       Eukaryota,Opisthokonta  P7W_FD  0.05
113                Eukaryota,SAR  P7W_FD  0.87
114                  No,Relative  P7W_FD  8.13
115      Archaea,Nanoarchaeaeota P7W_PEG  4.95
116       Bacteria,Acidobacteria P7W_PEG  1.07
117      Bacteria,Actinobacteria P7W_PEG  0.47
118       Bacteria,Bacteroidetes P7W_PEG 15.74
119       Bacteria,Cyanobacteria P7W_PEG  4.06
120 Bacteria,Deinococcus-Thermus P7W_PEG  1.78
121  Bacteria,Epsilonbacteraeota P7W_PEG  0,33
122          Bacteria,Firmicutes P7W_PEG  0.94
123     Bacteria,Patescibacteria P7W_PEG  4.01
124      Bacteria,Planctomycetes P7W_PEG  4.08
125      Bacteria,Proteobacteria P7W_PEG 41.85
126        Bacteria,Spirochaetes P7W_PEG  1.06
127         Bacteria,Tenericutes P7W_PEG  1.04
128         Bacteria,Thermotogae P7W_PEG  0.05
129     Bacteria,Verrucomicrobia P7W_PEG  1.77
130     Eukaryota,Archaeplastida P7W_PEG  2.45
131       Eukaryota,Opisthokonta P7W_PEG  0.13
132                Eukaryota,SAR P7W_PEG  1.83
133                  No,Relative P7W_PEG  9.91
> ggplot(OTUs, aes(x=Var1, y=Var2)) + geom_point(aes(size=value)) + scale_size(range = range(OTUs$value)) + theme_bw()
Error in Summary.factor(c(16L, 20L, 45L, 77L, 10L, 66L, 14L, 90L, 28L,  : 
  ‘range’ not meaningful for factors
> install.packages("plotly")
also installing the dependencies ‘httpuv’, ‘xtable’, ‘sourcetools’, ‘shiny’, ‘later’, ‘htmlwidgets’, ‘hexbin’, ‘crosstalk’, ‘data.table’, ‘promises’


  There is a binary version available but the source version is later:
       binary source needs_compilation
plotly  4.7.1  4.8.0             FALSE

provo con l'URL 'https://cran.stat.unipd.it/bin/macosx/el-capitan/contrib/3.5/httpuv_1.4.5.tgz'
Content type 'application/octet-stream' length 1699291 bytes (1.6 MB)
==================================================
downloaded 1.6 MB

provo con l'URL 'https://cran.stat.unipd.it/bin/macosx/el-capitan/contrib/3.5/xtable_1.8-3.tgz'
Content type 'application/octet-stream' length 750457 bytes (732 KB)
==================================================
downloaded 732 KB

provo con l'URL 'https://cran.stat.unipd.it/bin/macosx/el-capitan/contrib/3.5/sourcetools_0.1.7.tgz'
Content type 'application/octet-stream' length 133213 bytes (130 KB)
==================================================
downloaded 130 KB

provo con l'URL 'https://cran.stat.unipd.it/bin/macosx/el-capitan/contrib/3.5/shiny_1.1.0.tgz'
Content type 'application/octet-stream' length 3587197 bytes (3.4 MB)
==================================================
downloaded 3.4 MB

provo con l'URL 'https://cran.stat.unipd.it/bin/macosx/el-capitan/contrib/3.5/later_0.7.5.tgz'
Content type 'application/octet-stream' length 350117 bytes (341 KB)
==================================================
downloaded 341 KB

provo con l'URL 'https://cran.stat.unipd.it/bin/macosx/el-capitan/contrib/3.5/htmlwidgets_1.3.tgz'
Content type 'application/octet-stream' length 792580 bytes (774 KB)
==================================================
downloaded 774 KB

provo con l'URL 'https://cran.stat.unipd.it/bin/macosx/el-capitan/contrib/3.5/hexbin_1.27.2.tgz'
Content type 'application/octet-stream' length 838355 bytes (818 KB)
==================================================
downloaded 818 KB

provo con l'URL 'https://cran.stat.unipd.it/bin/macosx/el-capitan/contrib/3.5/crosstalk_1.0.0.tgz'
Content type 'application/octet-stream' length 647834 bytes (632 KB)
==================================================
downloaded 632 KB

provo con l'URL 'https://cran.stat.unipd.it/bin/macosx/el-capitan/contrib/3.5/data.table_1.11.8.tgz'
Content type 'application/octet-stream' length 1692925 bytes (1.6 MB)
==================================================
downloaded 1.6 MB

provo con l'URL 'https://cran.stat.unipd.it/bin/macosx/el-capitan/contrib/3.5/promises_1.0.1.tgz'
Content type 'application/octet-stream' length 288093 bytes (281 KB)
==================================================
downloaded 281 KB


The downloaded binary packages are in
	/var/folders/05/_3tvxqn547lf_vqkkbz_yzzc0000gn/T//RtmpkhVvVz/downloaded_packages
installing the source package ‘plotly’

provo con l'URL 'https://cran.stat.unipd.it/src/contrib/plotly_4.8.0.tar.gz'
Content type 'application/octet-stream' length 1860673 bytes (1.8 MB)
==================================================
downloaded 1.8 MB

* installing *source* package ‘plotly’ ...
** package ‘plotly’ successfully unpacked and MD5 sums checked
** R
** data
*** moving datasets to lazyload DB
** demo
** inst
** byte-compile and prepare package for lazy loading
** help
*** installing help indices
*** copying figures
** building package indices
** testing if installed package can be loaded
* DONE (plotly)

The downloaded source packages are in
	‘/private/var/folders/05/_3tvxqn547lf_vqkkbz_yzzc0000gn/T/RtmpkhVvVz/downloaded_packages’
> library("plotly")

Attaching package: ‘plotly’

The following object is masked from ‘package:ggplot2’:

    last_plot

The following object is masked from ‘package:stats’:

    filter

The following object is masked from ‘package:graphics’:

    layout

> phyla <- read.delim("/Volumes/FEDE (WORK)/PostDoc Nijmegen/1st year/Metagenomic project/phyla (% OTUs).txt")
> phyla <- read.csv("/Volumes/FEDE (WORK)/PostDoc Nijmegen/1st year/Metagenomic project/phyla (% OTUs).txt")
> phyla
                phylum P7A_FD P7B_FD     P X7B_PS P7C_FD P7C_PEG P7W_FD P7W_PEG
1        Acidobacteria   0.48   0.13  0.14   0.88   1.59    1.28   1.07      NA
2       Actinobacteria   1.43   0.55  0.89   0.58   0.87    0.29   0.47      NA
3        Bacteroidetes   8.74   4.65  5.89  17.78  16.54   17.49  15.74      NA
4        Cyanobacteria   0.20   1.63  0.50   0.46   1.28    1.63   4.06      NA
5  Deinococcus-Thermus   3.15   2.98  3.90   1.30   1.13    2.58   1.78      NA
6   Epsilonbacteraeota   0.25   0.13  0.07  28.29  25.42    0.14   0.00      33
7           Firmicutes  10.87   0.25  1.38   1.68   1.44    0.64   0.94      NA
8      Patescibacteria   0.77   1.89  2.32   1.02   1.23    4.45   4.01      NA
9       Planctomycetes   0.21   0.55  0.51   1.02   2.24    2.74   4.08      NA
10      Proteobacteria  62.11  73.74 48.58  29.53  30.68   47.30  41.85      NA
11        Spirochaetes   0.20   0.38  0.84   1.12   2.52    1.25   1.06      NA
12         Tenericutes   0.04   0.03  0.05   3.13   1.90    1.02   1.04      NA
13         Thermotogae   0.00   0.00  0.00   1.46   0.89    0.03   0.05      NA
14     Verrucomicrobia   0.30   0.38  0.23   0.84   1.08    2.94   1.77      NA
> phyla <- read.csv("/Volumes/FEDE (WORK)/PostDoc Nijmegen/1st year/Metagenomic project/phyla (% OTUs).txt")
> phyla
                phylum P7A_FD P7B_FD P7B_PS P7C_FD P7C_PEG P7W_FD P7W_PEG
1        Acidobacteria   0.48   0.13   0.14   0.88    1.59   1.28    1.07
2       Actinobacteria   1.43   0.55   0.89   0.58    0.87   0.29    0.47
3        Bacteroidetes   8.74   4.65   5.89  17.78   16.54  17.49   15.74
4        Cyanobacteria   0.20   1.63   0.50   0.46    1.28   1.63    4.06
5  Deinococcus-Thermus   3.15   2.98   3.90   1.30    1.13   2.58    1.78
6   Epsilonbacteraeota   0.25   0.13   0.07  28.29   25.42   0.14    0.00
7                   33     NA     NA     NA     NA      NA     NA      NA
8           Firmicutes  10.87   0.25   1.38   1.68    1.44   0.64    0.94
9      Patescibacteria   0.77   1.89   2.32   1.02    1.23   4.45    4.01
10      Planctomycetes   0.21   0.55   0.51   1.02    2.24   2.74    4.08
11      Proteobacteria  62.11  73.74  48.58  29.53   30.68  47.30   41.85
12        Spirochaetes   0.20   0.38   0.84   1.12    2.52   1.25    1.06
13         Tenericutes   0.04   0.03   0.05   3.13    1.90   1.02    1.04
14         Thermotogae   0.00   0.00   0.00   1.46    0.89   0.03    0.05
15     Verrucomicrobia   0.30   0.38   0.23   0.84    1.08   2.94    1.77
> p <- plot_ly(phyla, x= ~P7A-FD,P7B_FD,P7B_PS,P7C_FD,P7C_PEG,P7W_FD,P7W_PEG, y=~phylum)
Error in plot_ly(phyla, x = ~P7A - FD, P7B_FD, P7B_PS, P7C_FD, P7C_PEG,  : 
  oggetto "P7B_FD" non trovato
> ggplot(OTUs, aes(x=Var1, y=Var2)) + geom_point(aes(size=value)) + scale_size(range = range(OTUs$value)) + theme_bw()
Error in Summary.factor(c(16L, 20L, 45L, 77L, 10L, 66L, 14L, 90L, 28L,  : 
  ‘range’ not meaningful for factors
> phyla <- read.csv("/Volumes/FEDE (WORK)/PostDoc Nijmegen/1st year/Metagenomic project/phyla (% OTUs).txt", row.names=1)
> mat <- as.matrix(phyla)
> OTUs <- melt(mat)
> OTUs
                   Var1    Var2 value
1         Acidobacteria  P7A_FD  0.48
2        Actinobacteria  P7A_FD  1.43
3         Bacteroidetes  P7A_FD  8.74
4         Cyanobacteria  P7A_FD  0.20
5   Deinococcus-Thermus  P7A_FD  3.15
6    Epsilonbacteraeota  P7A_FD  0.25
7                    33  P7A_FD    NA
8            Firmicutes  P7A_FD 10.87
9       Patescibacteria  P7A_FD  0.77
10       Planctomycetes  P7A_FD  0.21
11       Proteobacteria  P7A_FD 62.11
12         Spirochaetes  P7A_FD  0.20
13          Tenericutes  P7A_FD  0.04
14          Thermotogae  P7A_FD  0.00
15      Verrucomicrobia  P7A_FD  0.30
16        Acidobacteria  P7B_FD  0.13
17       Actinobacteria  P7B_FD  0.55
18        Bacteroidetes  P7B_FD  4.65
19        Cyanobacteria  P7B_FD  1.63
20  Deinococcus-Thermus  P7B_FD  2.98
21   Epsilonbacteraeota  P7B_FD  0.13
22                   33  P7B_FD    NA
23           Firmicutes  P7B_FD  0.25
24      Patescibacteria  P7B_FD  1.89
25       Planctomycetes  P7B_FD  0.55
26       Proteobacteria  P7B_FD 73.74
27         Spirochaetes  P7B_FD  0.38
28          Tenericutes  P7B_FD  0.03
29          Thermotogae  P7B_FD  0.00
30      Verrucomicrobia  P7B_FD  0.38
31        Acidobacteria  P7B_PS  0.14
32       Actinobacteria  P7B_PS  0.89
33        Bacteroidetes  P7B_PS  5.89
34        Cyanobacteria  P7B_PS  0.50
35  Deinococcus-Thermus  P7B_PS  3.90
36   Epsilonbacteraeota  P7B_PS  0.07
37                   33  P7B_PS    NA
38           Firmicutes  P7B_PS  1.38
39      Patescibacteria  P7B_PS  2.32
40       Planctomycetes  P7B_PS  0.51
41       Proteobacteria  P7B_PS 48.58
42         Spirochaetes  P7B_PS  0.84
43          Tenericutes  P7B_PS  0.05
44          Thermotogae  P7B_PS  0.00
45      Verrucomicrobia  P7B_PS  0.23
46        Acidobacteria  P7C_FD  0.88
47       Actinobacteria  P7C_FD  0.58
48        Bacteroidetes  P7C_FD 17.78
49        Cyanobacteria  P7C_FD  0.46
50  Deinococcus-Thermus  P7C_FD  1.30
51   Epsilonbacteraeota  P7C_FD 28.29
52                   33  P7C_FD    NA
53           Firmicutes  P7C_FD  1.68
54      Patescibacteria  P7C_FD  1.02
55       Planctomycetes  P7C_FD  1.02
56       Proteobacteria  P7C_FD 29.53
57         Spirochaetes  P7C_FD  1.12
58          Tenericutes  P7C_FD  3.13
59          Thermotogae  P7C_FD  1.46
60      Verrucomicrobia  P7C_FD  0.84
61        Acidobacteria P7C_PEG  1.59
62       Actinobacteria P7C_PEG  0.87
63        Bacteroidetes P7C_PEG 16.54
64        Cyanobacteria P7C_PEG  1.28
65  Deinococcus-Thermus P7C_PEG  1.13
66   Epsilonbacteraeota P7C_PEG 25.42
67                   33 P7C_PEG    NA
68           Firmicutes P7C_PEG  1.44
69      Patescibacteria P7C_PEG  1.23
70       Planctomycetes P7C_PEG  2.24
71       Proteobacteria P7C_PEG 30.68
72         Spirochaetes P7C_PEG  2.52
73          Tenericutes P7C_PEG  1.90
74          Thermotogae P7C_PEG  0.89
75      Verrucomicrobia P7C_PEG  1.08
76        Acidobacteria  P7W_FD  1.28
77       Actinobacteria  P7W_FD  0.29
78        Bacteroidetes  P7W_FD 17.49
79        Cyanobacteria  P7W_FD  1.63
80  Deinococcus-Thermus  P7W_FD  2.58
81   Epsilonbacteraeota  P7W_FD  0.14
82                   33  P7W_FD    NA
83           Firmicutes  P7W_FD  0.64
84      Patescibacteria  P7W_FD  4.45
85       Planctomycetes  P7W_FD  2.74
86       Proteobacteria  P7W_FD 47.30
87         Spirochaetes  P7W_FD  1.25
88          Tenericutes  P7W_FD  1.02
89          Thermotogae  P7W_FD  0.03
90      Verrucomicrobia  P7W_FD  2.94
91        Acidobacteria P7W_PEG  1.07
92       Actinobacteria P7W_PEG  0.47
93        Bacteroidetes P7W_PEG 15.74
94        Cyanobacteria P7W_PEG  4.06
95  Deinococcus-Thermus P7W_PEG  1.78
96   Epsilonbacteraeota P7W_PEG  0.00
97                   33 P7W_PEG    NA
98           Firmicutes P7W_PEG  0.94
99      Patescibacteria P7W_PEG  4.01
100      Planctomycetes P7W_PEG  4.08
101      Proteobacteria P7W_PEG 41.85
102        Spirochaetes P7W_PEG  1.06
103         Tenericutes P7W_PEG  1.04
104         Thermotogae P7W_PEG  0.05
105     Verrucomicrobia P7W_PEG  1.77
> phyla <- read.csv("/Volumes/FEDE (WORK)/PostDoc Nijmegen/1st year/Metagenomic project/phyla (% OTUs).txt", row.names=1)
> OTUs
                   Var1    Var2 value
1         Acidobacteria  P7A_FD  0.48
2        Actinobacteria  P7A_FD  1.43
3         Bacteroidetes  P7A_FD  8.74
4         Cyanobacteria  P7A_FD  0.20
5   Deinococcus-Thermus  P7A_FD  3.15
6    Epsilonbacteraeota  P7A_FD  0.25
7                    33  P7A_FD    NA
8            Firmicutes  P7A_FD 10.87
9       Patescibacteria  P7A_FD  0.77
10       Planctomycetes  P7A_FD  0.21
11       Proteobacteria  P7A_FD 62.11
12         Spirochaetes  P7A_FD  0.20
13          Tenericutes  P7A_FD  0.04
14          Thermotogae  P7A_FD  0.00
15      Verrucomicrobia  P7A_FD  0.30
16        Acidobacteria  P7B_FD  0.13
17       Actinobacteria  P7B_FD  0.55
18        Bacteroidetes  P7B_FD  4.65
19        Cyanobacteria  P7B_FD  1.63
20  Deinococcus-Thermus  P7B_FD  2.98
21   Epsilonbacteraeota  P7B_FD  0.13
22                   33  P7B_FD    NA
23           Firmicutes  P7B_FD  0.25
24      Patescibacteria  P7B_FD  1.89
25       Planctomycetes  P7B_FD  0.55
26       Proteobacteria  P7B_FD 73.74
27         Spirochaetes  P7B_FD  0.38
28          Tenericutes  P7B_FD  0.03
29          Thermotogae  P7B_FD  0.00
30      Verrucomicrobia  P7B_FD  0.38
31        Acidobacteria  P7B_PS  0.14
32       Actinobacteria  P7B_PS  0.89
33        Bacteroidetes  P7B_PS  5.89
34        Cyanobacteria  P7B_PS  0.50
35  Deinococcus-Thermus  P7B_PS  3.90
36   Epsilonbacteraeota  P7B_PS  0.07
37                   33  P7B_PS    NA
38           Firmicutes  P7B_PS  1.38
39      Patescibacteria  P7B_PS  2.32
40       Planctomycetes  P7B_PS  0.51
41       Proteobacteria  P7B_PS 48.58
42         Spirochaetes  P7B_PS  0.84
43          Tenericutes  P7B_PS  0.05
44          Thermotogae  P7B_PS  0.00
45      Verrucomicrobia  P7B_PS  0.23
46        Acidobacteria  P7C_FD  0.88
47       Actinobacteria  P7C_FD  0.58
48        Bacteroidetes  P7C_FD 17.78
49        Cyanobacteria  P7C_FD  0.46
50  Deinococcus-Thermus  P7C_FD  1.30
51   Epsilonbacteraeota  P7C_FD 28.29
52                   33  P7C_FD    NA
53           Firmicutes  P7C_FD  1.68
54      Patescibacteria  P7C_FD  1.02
55       Planctomycetes  P7C_FD  1.02
56       Proteobacteria  P7C_FD 29.53
57         Spirochaetes  P7C_FD  1.12
58          Tenericutes  P7C_FD  3.13
59          Thermotogae  P7C_FD  1.46
60      Verrucomicrobia  P7C_FD  0.84
61        Acidobacteria P7C_PEG  1.59
62       Actinobacteria P7C_PEG  0.87
63        Bacteroidetes P7C_PEG 16.54
64        Cyanobacteria P7C_PEG  1.28
65  Deinococcus-Thermus P7C_PEG  1.13
66   Epsilonbacteraeota P7C_PEG 25.42
67                   33 P7C_PEG    NA
68           Firmicutes P7C_PEG  1.44
69      Patescibacteria P7C_PEG  1.23
70       Planctomycetes P7C_PEG  2.24
71       Proteobacteria P7C_PEG 30.68
72         Spirochaetes P7C_PEG  2.52
73          Tenericutes P7C_PEG  1.90
74          Thermotogae P7C_PEG  0.89
75      Verrucomicrobia P7C_PEG  1.08
76        Acidobacteria  P7W_FD  1.28
77       Actinobacteria  P7W_FD  0.29
78        Bacteroidetes  P7W_FD 17.49
79        Cyanobacteria  P7W_FD  1.63
80  Deinococcus-Thermus  P7W_FD  2.58
81   Epsilonbacteraeota  P7W_FD  0.14
82                   33  P7W_FD    NA
83           Firmicutes  P7W_FD  0.64
84      Patescibacteria  P7W_FD  4.45
85       Planctomycetes  P7W_FD  2.74
86       Proteobacteria  P7W_FD 47.30
87         Spirochaetes  P7W_FD  1.25
88          Tenericutes  P7W_FD  1.02
89          Thermotogae  P7W_FD  0.03
90      Verrucomicrobia  P7W_FD  2.94
91        Acidobacteria P7W_PEG  1.07
92       Actinobacteria P7W_PEG  0.47
93        Bacteroidetes P7W_PEG 15.74
94        Cyanobacteria P7W_PEG  4.06
95  Deinococcus-Thermus P7W_PEG  1.78
96   Epsilonbacteraeota P7W_PEG  0.00
97                   33 P7W_PEG    NA
98           Firmicutes P7W_PEG  0.94
99      Patescibacteria P7W_PEG  4.01
100      Planctomycetes P7W_PEG  4.08
101      Proteobacteria P7W_PEG 41.85
102        Spirochaetes P7W_PEG  1.06
103         Tenericutes P7W_PEG  1.04
104         Thermotogae P7W_PEG  0.05
105     Verrucomicrobia P7W_PEG  1.77
> phyla <- read.csv("/Volumes/FEDE (WORK)/PostDoc Nijmegen/1st year/Metagenomic project/phyla (% OTUs).txt", row.names=1)
> mat <- as.matrix(phyla)
> OTUs <- melt(mat)
> OTUs
                  Var1    Var2 value
1        Acidobacteria  P7A_FD  0.48
2       Actinobacteria  P7A_FD  1.43
3        Bacteroidetes  P7A_FD  8.74
4        Cyanobacteria  P7A_FD  0.20
5  Deinococcus-Thermus  P7A_FD  3.15
6   Epsilonbacteraeota  P7A_FD  0.25
7           Firmicutes  P7A_FD 10.87
8      Patescibacteria  P7A_FD  0.77
9       Planctomycetes  P7A_FD  0.21
10      Proteobacteria  P7A_FD 62.11
11        Spirochaetes  P7A_FD  0.20
12         Tenericutes  P7A_FD  0.04
13         Thermotogae  P7A_FD  0.00
14     Verrucomicrobia  P7A_FD  0.30
15       Acidobacteria  P7B_FD  0.13
16      Actinobacteria  P7B_FD  0.55
17       Bacteroidetes  P7B_FD  4.65
18       Cyanobacteria  P7B_FD  1.63
19 Deinococcus-Thermus  P7B_FD  2.98
20  Epsilonbacteraeota  P7B_FD  0.13
21          Firmicutes  P7B_FD  0.25
22     Patescibacteria  P7B_FD  1.89
23      Planctomycetes  P7B_FD  0.55
24      Proteobacteria  P7B_FD 73.74
25        Spirochaetes  P7B_FD  0.38
26         Tenericutes  P7B_FD  0.03
27         Thermotogae  P7B_FD  0.00
28     Verrucomicrobia  P7B_FD  0.38
29       Acidobacteria  P7B_PS  0.14
30      Actinobacteria  P7B_PS  0.89
31       Bacteroidetes  P7B_PS  5.89
32       Cyanobacteria  P7B_PS  0.50
33 Deinococcus-Thermus  P7B_PS  3.90
34  Epsilonbacteraeota  P7B_PS  0.07
35          Firmicutes  P7B_PS  1.38
36     Patescibacteria  P7B_PS  2.32
37      Planctomycetes  P7B_PS  0.51
38      Proteobacteria  P7B_PS 48.58
39        Spirochaetes  P7B_PS  0.84
40         Tenericutes  P7B_PS  0.05
41         Thermotogae  P7B_PS  0.00
42     Verrucomicrobia  P7B_PS  0.23
43       Acidobacteria  P7C_FD  0.88
44      Actinobacteria  P7C_FD  0.58
45       Bacteroidetes  P7C_FD 17.78
46       Cyanobacteria  P7C_FD  0.46
47 Deinococcus-Thermus  P7C_FD  1.30
48  Epsilonbacteraeota  P7C_FD 28.29
49          Firmicutes  P7C_FD  1.68
50     Patescibacteria  P7C_FD  1.02
51      Planctomycetes  P7C_FD  1.02
52      Proteobacteria  P7C_FD 29.53
53        Spirochaetes  P7C_FD  1.12
54         Tenericutes  P7C_FD  3.13
55         Thermotogae  P7C_FD  1.46
56     Verrucomicrobia  P7C_FD  0.84
57       Acidobacteria P7C_PEG  1.59
58      Actinobacteria P7C_PEG  0.87
59       Bacteroidetes P7C_PEG 16.54
60       Cyanobacteria P7C_PEG  1.28
61 Deinococcus-Thermus P7C_PEG  1.13
62  Epsilonbacteraeota P7C_PEG 25.42
63          Firmicutes P7C_PEG  1.44
64     Patescibacteria P7C_PEG  1.23
65      Planctomycetes P7C_PEG  2.24
66      Proteobacteria P7C_PEG 30.68
67        Spirochaetes P7C_PEG  2.52
68         Tenericutes P7C_PEG  1.90
69         Thermotogae P7C_PEG  0.89
70     Verrucomicrobia P7C_PEG  1.08
71       Acidobacteria  P7W_FD  1.28
72      Actinobacteria  P7W_FD  0.29
73       Bacteroidetes  P7W_FD 17.49
74       Cyanobacteria  P7W_FD  1.63
75 Deinococcus-Thermus  P7W_FD  2.58
76  Epsilonbacteraeota  P7W_FD  0.14
77          Firmicutes  P7W_FD  0.64
78     Patescibacteria  P7W_FD  4.45
79      Planctomycetes  P7W_FD  2.74
80      Proteobacteria  P7W_FD 47.30
81        Spirochaetes  P7W_FD  1.25
82         Tenericutes  P7W_FD  1.02
83         Thermotogae  P7W_FD  0.03
84     Verrucomicrobia  P7W_FD  2.94
85       Acidobacteria P7W_PEG  1.07
86      Actinobacteria P7W_PEG  0.47
87       Bacteroidetes P7W_PEG 15.74
88       Cyanobacteria P7W_PEG  4.06
89 Deinococcus-Thermus P7W_PEG  1.78
90  Epsilonbacteraeota P7W_PEG  0.33
91          Firmicutes P7W_PEG  0.94
92     Patescibacteria P7W_PEG  4.01
93      Planctomycetes P7W_PEG  4.08
94      Proteobacteria P7W_PEG 41.85
95        Spirochaetes P7W_PEG  1.06
96         Tenericutes P7W_PEG  1.04
97         Thermotogae P7W_PEG  0.05
98     Verrucomicrobia P7W_PEG  1.77
> ggplot(OTUs, aes(x=Var1, y=Var2)) + geom_point(aes(size=value)) + scale_size(range = range(OTUs$value)) + theme_bw()
> ggplot(OTUs, aes(x=Var2, y=Var1)) + geom_point(aes(size=value)) + scale_size(range = range(OTUs$value)) + theme_bw()
Error in UseMethod("depth") : 
  no applicable method for 'depth' applied to an object of class "NULL"
> ggplot(OTUs, aes(x=Var2, y=Var1)) + geom_point(aes(size=value)) + scale_size(range = range(OTUs$value)) + theme_bw()
Error in UseMethod("depth") : 
  no applicable method for 'depth' applied to an object of class "NULL"
> ggplot(OTUs, aes(x=Var2, y=Var1)) + geom_point(aes(size=value)) + scale_size(range = range(OTUs$value)) + theme_bw()
> ggplot(OTUs, aes(x=Var2, y=Var1)) + geom_point(aes(size=value)) + theme_bw()
Error in UseMethod("depth") : 
  no applicable method for 'depth' applied to an object of class "NULL"
> ggplot(OTUs, aes(x=Var2, y=Var1)) + geom_point(aes(size=value))
> ggplot(OTUs, aes(x=Var2, y=Var1)) + geom_point(aes(size=value)) + theme_bw()
Error in UseMethod("depth") : 
  no applicable method for 'depth' applied to an object of class "NULL"
> ggplot(OTUs, aes(x=Var2, y=Var1)) + geom_point(aes(size=value)) + theme_bw()
Error in UseMethod("depth") : 
  no applicable method for 'depth' applied to an object of class "NULL"
> ggplot(OTUs, aes(x=Var2, y=Var1)) + geom_point(aes(size=value)) + theme_bw()
Error in grid.Call.graphics(C_upviewport, as.integer(n)) : 
  cannot pop the top-level viewport ('grid' and 'graphics' output mixed?)
> p <- ggplot(OTUs, aes(x=Var2, y=Var1)) + geom_point(aes(size=value)) + theme_bw()
> plot(p)
Error in UseMethod("depth") : 
  no applicable method for 'depth' applied to an object of class "NULL"
> plot(p)
Error in UseMethod("depth") : 
  no applicable method for 'depth' applied to an object of class "NULL"
> plot(p)
> p <- ggplot(OTUs, aes(x=Var2, y=Var1)) + geom_point(aes(size=value, color=blue)) + theme_bw()
> plot(p)
Error in FUN(X[[i]], ...) : oggetto "blue" non trovato
> p <- ggplot(OTUs, aes(x=Var2, y=Var1)) + geom_point(aes(size=value, color=red)) + theme_bw()
> plot(p)
Error in FUN(X[[i]], ...) : oggetto "red" non trovato
> p <- ggplot(OTUs, aes(x=Var2, y=Var1)) + geom_point(aes(size=value) + color=red) + theme_bw()
Errore: unexpected '=' in "p <- ggplot(OTUs, aes(x=Var2, y=Var1)) + geom_point(aes(size=value) + color="
> p <- ggplot(OTUs, aes(x=Var2, y=Var1)) + geom_point(aes(size=value) color=red) + theme_bw()
Errore: unexpected symbol in "p <- ggplot(OTUs, aes(x=Var2, y=Var1)) + geom_point(aes(size=value) color"
> p <- ggplot(OTUs, aes(x=Var2, y=Var1)) + geom_point(aes(size=value)) + theme_bw(color=red)
Error in theme_bw(color = red) : unused argument (color = red)
> p <- ggplot(OTUs, aes(x=Var2, y=Var1)) + geom_point((color=red)aes(size=value)) + theme_bw()
Errore: unexpected symbol in "p <- ggplot(OTUs, aes(x=Var2, y=Var1)) + geom_point((color=red)aes"
> p <- ggplot(OTUs, aes(x=Var2, y=Var1)) + geom_point(alpha=10, aes(size=value), aes(color="red")) + geom_smooth(method=lm, se=FALSE, color= "black", linetype="dotdash", size=0.3)
Errore: `data` must be a data frame, or other object coercible by `fortify()`, not an S3 object with class uneval
Did you accidentally pass `aes()` to the `data` argument?
> p <- ggplot(OTUs, aes(x=Var2, y=Var1)) + geom_point(alpha=10, aes(size=value, color="red")) + geom_smooth(method=lm, se=FALSE, color= "black", linetype="dotdash", size=0.3)
> plot(p)
Error in grDevices::rgb(col[1, ], col[2, ], col[3, ], alpha) : 
  alpha level 10, not in [0,1]
> p <- ggplot(OTUs, aes(x=Var2, y=Var1)) + geom_point(aes(size=value, color="red")) + geom_smooth(method=lm, se=FALSE, color= "black", linetype="dotdash", size=0.3)
> plot(p)
> p <- ggplot(OTUs, aes(x=Var2, y=Var1)) + geom_point(aes(size=value, low="blue", high="red")) + geom_smooth(method=lm, se=FALSE, color= "black", linetype="dotdash", size=0.3)
Warning: Ignoring unknown aesthetics: low, high
> p <- ggplot(OTUs, aes(x=Var2, y=Var1)) + geom_point(aes(size=value)) + geom_smooth(method=lm, se=FALSE, color= "black", linetype="dotdash", size=0.3) + scale_fill_gradient(low="grey90", high="red")
> plot(p)
> p <- ggplot(OTUs, aes(x=Var2, y=Var1)) + geom_point(aes(size=value)) + scale_fill_gradient(low="grey90", high="red") + geom_smooth(method=lm, se=FALSE, color= "black", linetype="dotdash", size=0.3)
> plot(p)
> p <- ggplot(OTUs, aes(x=Var2, y=Var1)) + geom_point(aes(size=value)) + scale_fill_gradient(low="grey90", high="red") + geom_smooth(method=lm, se=FALSE, color= "black", linetype="dotdash", size=0.3) + theme_bw() + theme(axis.text.x=element_text(size=9, angle=0, vjust=0.3), axis.text.y=element_text(size=9), plot.title=element_text(size=11))
> plot(p)
> p <- ggplot(OTUs, aes(x=Var2, y=Var1)) + geom_point(aes(size=value, color="grey90")) + scale_fill_gradient(low="grey90", high="red") + geom_smooth(method=lm, se=FALSE, color= "black", linetype="dotdash", size=0.3) + theme_bw() + theme(axis.text.x=element_text(size=9, angle=0, vjust=0.3), axis.text.y=element_text(size=9), plot.title=element_text(size=11))
> plot(p)
> plot(p)
> phyla_sequences <- read.csv("/Volumes/FEDE (WORK)/PostDoc Nijmegen/1st year/Metagenomic project/phyla #sequences.txt", row.names=1)
> ggplot( phyla_sequences, aes( x = P7A_FD, P7B_FD, P7B_PS, P7C_FD, P7C_PEG, P7W_FD, P7W_PEG, 7, y = phylum)) + geom_point()
Error in FUN(X[[i]], ...) : oggetto "P7A_FD" non trovato
Inoltre: Warning message:
Duplicated aesthetics after name standardisation:  
> head(phyla_sequences)
                    P7A.FD P7B.FD P7B.PS P7C.FD P7C.PEG P7W.FD P7W.PEG
Acidobacteria           27     10     12     44     176     84      92
Actinobacteria          80     44     78     29      96     19      40
Bacteroidetes          489    372    519    891    1832   1147    1350
Cyanobacteria           11    130     44     23     142    107     348
Deinococcus-Thermus    176    238    344     65     125    169     153
Epsilonbacteraeota      14     10      6   1418    2816      9      28
> ggplot( phyla_sequences, aes( x = P7A.FD, P7B.FD, P7B.PS, P7C.FD, P7C.PEG, P7W.FD, P7W.PEG, 7, y = phylum)) + geom_point()
Error in FUN(X[[i]], ...) : oggetto "phylum" non trovato
Inoltre: Warning message:
Duplicated aesthetics after name standardisation:  
> ggplot( phyla_sequences, aes( x = P7A.FD, P7B.FD, P7B.PS, P7C.FD, P7C.PEG, P7W.FD, P7W.PEG, 8, y = phylum)) + geom_point()
Error in FUN(X[[i]], ...) : oggetto "phylum" non trovato
Inoltre: Warning message:
Duplicated aesthetics after name standardisation:  
> ggplot( phyla_sequences, aes( x = P7A.FD, P7B.FD, P7B.PS, P7C.FD, P7C.PEG, P7W.FD, P7W.PEG, 8, y = phylum)) + geom_point()
Error in FUN(X[[i]], ...) : oggetto "phylum" non trovato
Inoltre: Warning message:
Duplicated aesthetics after name standardisation:  
> ggplot( phyla_sequences, aes( x = P7A.FD, P7B.FD, P7B.PS, P7C.FD, P7C.PEG, P7W.FD, P7W.PEG, 8, y = Phylum)) + geom_point()
Error in FUN(X[[i]], ...) : oggetto "Phylum" non trovato
Inoltre: Warning message:
Duplicated aesthetics after name standardisation:  
> phyla_sequences <- read.csv("/Volumes/FEDE (WORK)/PostDoc Nijmegen/1st year/Metagenomic project/phyla #sequences.txt", row.names=1)
> ggplot( phyla_sequences, aes( x = P7A.FD, P7B.FD, P7B.PS, P7C.FD, P7C.PEG, P7W.FD, P7W.PEG, 7, y = Phylum)) + geom_point()
Error in FUN(X[[i]], ...) : oggetto "Phylum" non trovato
Inoltre: Warning message:
Duplicated aesthetics after name standardisation:  
> head(phyla_sequences)
                    P7A.FD P7B.FD P7B.PS P7C.FD P7C.PEG P7W.FD P7W.PEG
Acidobacteria           27     10     12     44     176     84      92
Actinobacteria          80     44     78     29      96     19      40
Bacteroidetes          489    372    519    891    1832   1147    1350
Cyanobacteria           11    130     44     23     142    107     348
Deinococcus-Thermus    176    238    344     65     125    169     153
Epsilonbacteraeota      14     10      6   1418    2816      9      28
> mat <- as.matrix(phyla_sequences)
> library(reshape2)
> #sequences <- melt(mat)
> head (#sequences)
+ q
+ head(#sequences)
Errore: unexpected symbol in:
"q
head"
> head(#sequences)
+ q
+ 
+ 
+ head(#sequences)
Errore: unexpected symbol in:
"
head"
> sequences <- melt(mat)
> head(sequences)
                 Var1   Var2 value
1       Acidobacteria P7A.FD    27
2      Actinobacteria P7A.FD    80
3       Bacteroidetes P7A.FD   489
4       Cyanobacteria P7A.FD    11
5 Deinococcus-Thermus P7A.FD   176
6  Epsilonbacteraeota P7A.FD    14
> colnames(sequences) <- c("phylum","samples", "value")
> sequences
                 phylum samples value
1         Acidobacteria  P7A.FD    27
2        Actinobacteria  P7A.FD    80
3         Bacteroidetes  P7A.FD   489
4         Cyanobacteria  P7A.FD    11
5   Deinococcus-Thermus  P7A.FD   176
6    Epsilonbacteraeota  P7A.FD    14
7            Firmicutes  P7A.FD   608
8       Latescibacteria  P7A.FD     0
9         Lentisphaerae  P7A.FD     2
10     Halanaerobiaeota  P7A.FD     0
11      Patescibacteria  P7A.FD    43
12       Planctomycetes  P7A.FD    12
13       Proteobacteria  P7A.FD  3475
14         Spirochaetes  P7A.FD    11
15          Tenericutes  P7A.FD     2
16          Thermotogae  P7A.FD     0
17      Verrucomicrobia  P7A.FD    17
18        Acidobacteria  P7B.FD    10
19       Actinobacteria  P7B.FD    44
20        Bacteroidetes  P7B.FD   372
21        Cyanobacteria  P7B.FD   130
22  Deinococcus-Thermus  P7B.FD   238
23   Epsilonbacteraeota  P7B.FD    10
24           Firmicutes  P7B.FD    20
25      Latescibacteria  P7B.FD     0
26        Lentisphaerae  P7B.FD     0
27     Halanaerobiaeota  P7B.FD     2
28      Patescibacteria  P7B.FD   151
29       Planctomycetes  P7B.FD    44
30       Proteobacteria  P7B.FD  5894
31         Spirochaetes  P7B.FD    30
32          Tenericutes  P7B.FD     2
33          Thermotogae  P7B.FD     0
34      Verrucomicrobia  P7B.FD    30
35        Acidobacteria  P7B.PS    12
36       Actinobacteria  P7B.PS    78
37        Bacteroidetes  P7B.PS   519
38        Cyanobacteria  P7B.PS    44
39  Deinococcus-Thermus  P7B.PS   344
40   Epsilonbacteraeota  P7B.PS     6
41           Firmicutes  P7B.PS   122
42      Latescibacteria  P7B.PS     0
43        Lentisphaerae  P7B.PS     0
44     Halanaerobiaeota  P7B.PS     0
45      Patescibacteria  P7B.PS   204
46       Planctomycetes  P7B.PS    45
47       Proteobacteria  P7B.PS  4281
48         Spirochaetes  P7B.PS    74
49          Tenericutes  P7B.PS     4
50          Thermotogae  P7B.PS     0
51      Verrucomicrobia  P7B.PS    20
52        Acidobacteria  P7C.FD    44
53       Actinobacteria  P7C.FD    29
54        Bacteroidetes  P7C.FD   891
55        Cyanobacteria  P7C.FD    23
56  Deinococcus-Thermus  P7C.FD    65
57   Epsilonbacteraeota  P7C.FD  1418
58           Firmicutes  P7C.FD    84
59      Latescibacteria  P7C.FD     0
60        Lentisphaerae  P7C.FD    39
61     Halanaerobiaeota  P7C.FD     9
62      Patescibacteria  P7C.FD    51
63       Planctomycetes  P7C.FD    51
64       Proteobacteria  P7C.FD  1480
65         Spirochaetes  P7C.FD    56
66          Tenericutes  P7C.FD   157
67          Thermotogae  P7C.FD    73
68      Verrucomicrobia  P7C.FD    42
69        Acidobacteria P7C.PEG   176
70       Actinobacteria P7C.PEG    96
71        Bacteroidetes P7C.PEG  1832
72        Cyanobacteria P7C.PEG   142
73  Deinococcus-Thermus P7C.PEG   125
74   Epsilonbacteraeota P7C.PEG  2816
75           Firmicutes P7C.PEG   159
76      Latescibacteria P7C.PEG     0
77        Lentisphaerae P7C.PEG    80
78     Halanaerobiaeota P7C.PEG    70
79      Patescibacteria P7C.PEG   136
80       Planctomycetes P7C.PEG   248
81       Proteobacteria P7C.PEG  3398
82         Spirochaetes P7C.PEG   279
83          Tenericutes P7C.PEG   210
84          Thermotogae P7C.PEG    99
85      Verrucomicrobia P7C.PEG   120
86        Acidobacteria  P7W.FD    84
87       Actinobacteria  P7W.FD    19
88        Bacteroidetes  P7W.FD  1147
89        Cyanobacteria  P7W.FD   107
90  Deinococcus-Thermus  P7W.FD   169
91   Epsilonbacteraeota  P7W.FD     9
92           Firmicutes  P7W.FD    42
93      Latescibacteria  P7W.FD    39
94        Lentisphaerae  P7W.FD     7
95     Halanaerobiaeota  P7W.FD     8
96      Patescibacteria  P7W.FD   292
97       Planctomycetes  P7W.FD   180
98       Proteobacteria  P7W.FD  3102
99         Spirochaetes  P7W.FD    82
100         Tenericutes  P7W.FD    67
101         Thermotogae  P7W.FD     2
102     Verrucomicrobia  P7W.FD   193
103       Acidobacteria P7W.PEG    92
104      Actinobacteria P7W.PEG    40
105       Bacteroidetes P7W.PEG  1350
106       Cyanobacteria P7W.PEG   348
107 Deinococcus-Thermus P7W.PEG   153
108  Epsilonbacteraeota P7W.PEG    28
109          Firmicutes P7W.PEG    81
110     Latescibacteria P7W.PEG    50
111       Lentisphaerae P7W.PEG    16
112    Halanaerobiaeota P7W.PEG     8
113     Patescibacteria P7W.PEG   344
114      Planctomycetes P7W.PEG   350
115      Proteobacteria P7W.PEG  3590
116        Spirochaetes P7W.PEG    91
117         Tenericutes P7W.PEG    89
118         Thermotogae P7W.PEG     4
119     Verrucomicrobia P7W.PEG   152
> ggplot(long, aes(x=samples, y=value)) + geom_point()
> ggplot(sequences, aes(x=samples, y=value)) + geom_point()
> q <- ggplot(sequences, aes(x=samples, y=phylum)) + geom_point(aes(size=value, color="grey90")) + scale_fill_gradient(low="grey90", high="red") + geom_smooth(method=lm, se=FALSE, color= "black", linetype="dotdash", size=0.3) + theme_bw() + theme(axis.text.x=element_text(size=9, angle=0, vjust=0.3), axis.text.y=element_text(size=9), plot.title=element_text(size=11))
> plot(q)
> q <- ggplot(sequences, aes(x=samples, y=phylum)) + geom_point(aes(size=value, color="grey90")) + scale_fill_gradient(low="grey90", high="red") + geom_smooth(method=lm, se=FALSE, color= "black", linetype="dotdash", size=0.3) + theme_bw() + theme(axis.text.x=element_text(size=9, angle=45, vjust=0.1), axis.text.y=element_text(size=11), plot.title=element_text(size=11))
> plot(q)
> q <- ggplot(sequences, aes(x=samples, y=phylum)) + geom_point(aes(size=value, color="grey90")) + geom_smooth(method=lm, se=FALSE, color= "black", linetype="dotdash", size=0.1) + theme_bw() + theme(axis.text.x=element_text(size=9, angle=45, vjust=0.1), axis.text.y=element_text(size=11), plot.title=element_text(size=11))
> plot(q)
> q <- ggplot(sequences, aes(x=samples, y=phylum)) + geom_point(aes(size=value, color="grey90")) + geom_smooth(method=lm, se=FALSE, color= "black", linetype=FALSE, size=0.1) + theme_bw() + theme(axis.text.x=element_text(size=9, angle=45, vjust=0.1), axis.text.y=element_text(size=11), plot.title=element_text(size=11))
> plot(q)
> q <- ggplot(sequences, aes(x=samples, y=phylum)) + geom_point(aes(size=value, color="rainbow")) + geom_smooth(method=lm, se=FALSE, color= "black", linetype=FALSE, size=0.1) + theme_bw() + theme(axis.text.x=element_text(size=9, angle=45, vjust=0.1), axis.text.y=element_text(size=11), plot.title=element_text(size=11))
> plot(q)
> q <- ggplot(sequences, aes(x=samples, y=phylum)) + geom_point(aes(size=value, color="rainbow")) + geom_smooth(method=lm, se=FALSE, color= "rainbow", linetype=FALSE, size=0.1) + theme_bw() + theme(axis.text.x=element_text(size=9, angle=45, vjust=0.1), axis.text.y=element_text(size=11), plot.title=element_text(size=11))
> plot(q)
> q <- ggplot(sequences, aes(x=samples, y=phylum)) + geom_point(aes(size=value, color="rainbow")) + geom_smooth(method=lm, se=FALSE, color= "rainbow", linetype=FALSE, size=0.1) + theme(axis.text.x=element_text(size=9, angle=45, vjust=0.1), axis.text.y=element_text(size=11), plot.title=element_text(size=11))
> plot(q)
> q <- ggplot(sequences, aes(x=samples, y=phylum)) + geom_point(aes(size=value, color="rainbow")) + geom_smooth(method=lm, se=FALSE, color= "rainbow", linetype=FALSE, size=0.1) + theme_bw() + theme(axis.text.x=element_text(size=9, angle=45, vjust=0.1), axis.text.y=element_text(size=11), plot.title=element_text(size=11))
> q <- ggplot(sequences, aes(x=samples, y=phylum)) + geom_point(aes(size=value, color="orangered4")) + geom_smooth(method=lm, se=FALSE, color= "rainbow", linetype=FALSE, size=0.1) + theme_bw() + theme(axis.text.x=element_text(size=9, angle=45, vjust=0.1), axis.text.y=element_text(size=11), plot.title=element_text(size=11))
> plot(q)
> q <- ggplot(sequences, aes(x=samples, y=phylum)) + geom_point(aes(size=value)) + geom_smooth(method=lm, se=FALSE, color= "rainbow", linetype=FALSE, size=0.1) + theme_bw() + theme(axis.text.x=element_text(size=9, angle=45, vjust=0.1), axis.text.y=element_text(size=11), plot.title=element_text(size=11))
> plot(q)
> q <- ggplot(sequences, aes(x=samples, y=phylum, color=samples)) + geom_point(aes(size=value)) + scale_color_manual(values = wes.palette(n=3, name="GrandBudapest")) + geom_smooth(method=lm, se=FALSE, color= "rainbow", linetype=FALSE, size=0.1) + theme_bw() + theme(axis.text.x=element_text(size=9, angle=45, vjust=0.1), axis.text.y=element_text(size=11), plot.title=element_text(size=11))
Error in wes.palette(n = 3, name = "GrandBudapest") : 
  non trovo la funzione "wes.palette"
> install.packages("wesanderson")
provo con l'URL 'https://cran.stat.unipd.it/bin/macosx/el-capitan/contrib/3.5/wesanderson_0.3.6.tgz'
Content type 'application/octet-stream' length 18035 bytes (17 KB)
==================================================
downloaded 17 KB


The downloaded binary packages are in
	/var/folders/05/_3tvxqn547lf_vqkkbz_yzzc0000gn/T//RtmpkhVvVz/downloaded_packages
> library(wesanderson)
> q <- ggplot(sequences, aes(x=samples, y=phylum, color=samples)) + geom_point(aes(size=value)) + scale_color_manual(values = wes.palette(n=3, name="GrandBudapest")) + geom_smooth(method=lm, se=FALSE, color= "rainbow", linetype=FALSE, size=0.1) + theme_bw() + theme(axis.text.x=element_text(size=9, angle=45, vjust=0.1), axis.text.y=element_text(size=11), plot.title=element_text(size=11))
Error in wes.palette(n = 3, name = "GrandBudapest") : 
  non trovo la funzione "wes.palette"
> q <- ggplot(sequences, aes(x=samples, y=phylum, color=samples)) + geom_point(aes(size=value)) + scale_color_manual(samples = wes.palette(n=3, name="GrandBudapest")) + geom_smooth(method=lm, se=FALSE, color= "rainbow", linetype=FALSE, size=0.1) + theme_bw() + theme(axis.text.x=element_text(size=9, angle=45, vjust=0.1), axis.text.y=element_text(size=11), plot.title=element_text(size=11))
Error in discrete_scale(aesthetic, "manual", pal, ...) : 
  unused argument (samples = wes.palette(n = 3, name = "GrandBudapest"))
> q <- ggplot(sequences, aes(x=samples, y=phylum, color=samples)) + geom_point(aes(size=value)) + scale_color_manual(samples = wes.palette(n=7, name="GrandBudapest")) + geom_smooth(method=lm, se=FALSE, color= "rainbow", linetype=FALSE, size=0.1) + theme_bw() + theme(axis.text.x=element_text(size=9, angle=45, vjust=0.1), axis.text.y=element_text(size=11), plot.title=element_text(size=11))
Error in discrete_scale(aesthetic, "manual", pal, ...) : 
  unused argument (samples = wes.palette(n = 7, name = "GrandBudapest"))
> q <- ggplot(sequences, aes(x=samples, y=phylum)) + geom_point(aes(size=value, color="grey90")) + geom_smooth(method=lm, se=FALSE, color= "black", linetype="dotdash", size=0.1) + theme_bw() + theme(axis.text.x=element_text(size=9, angle=45, vjust=0.1), axis.text.y=element_text(size=11), plot.title=element_text(size=11))
> plot(q)
> q <- ggplot(sequences, aes(x=samples, y=phylum)) + geom_point(aes(size=value, color="aquamarine4")) + geom_smooth(method=lm, se=FALSE, color= "black", linetype="dotdash", size=0.1) + theme_bw() + theme(axis.text.x=element_text(size=9, angle=45, vjust=0.1), axis.text.y=element_text(size=11), plot.title=element_text(size=11))
> plot(q)
> q <- ggplot(sequences, aes(x=samples, y=phylum)) + geom_point(aes(size=value, color="aquamarine4")) + theme_bw() + theme(axis.text.x=element_text(size=9, angle=45, vjust=0.1), axis.text.y=element_text(size=11), plot.title=element_text(size=11))
> plot(q)
> q <- ggplot(sequences, aes(x=samples, y=phylum)) + geom_point(aes(size=value, color="aquamarine4")) + theme_bw() + theme(axis.text.x=element_text(size=9, angle=45, vjust=0.1), axis.text.y=element_text(size=11), plot.title=element_text(size=11))
> q <- ggplot(sequences, aes(x=samples, y=phylum)) + geom_point(aes(size=value, color="aquamarine4")) + theme_light() + theme(axis.text.x=element_text(size=9, angle=45, vjust=0.1), axis.text.y=element_text(size=11), plot.title=element_text(size=11))
> plot(q)
> q <- ggplot(sequences, aes(x=samples, y=phylum)) + geom_point(aes(size=value, color="aquamarine4")) + theme_minimal(base_size = 11, base_family = "",base_line_size = base_size/22, base_rect_size = base_size/22) + theme(axis.text.x=element_text(size=9, angle=45, vjust=0.1), axis.text.y=element_text(size=11), plot.title=element_text(size=11))
Error in structure(list(colour = colour, size = size, linetype = linetype,  : 
  oggetto "base_size" non trovato
> q <- ggplot(sequences, aes(x=samples, y=phylum)) + geom_point(aes(size=value, color="aquamarine4")) + theme_light() + theme(axis.text.x=element_text(size=9, angle=45, vjust=0.1), axis.text.y=element_text(size=11), plot.title=element_text(size=11))
> q <- ggplot(sequences, aes(x=samples, y=phylum)) + geom_point(aes(size=value, color="aquamarine4")) + theme_minimal() + theme(axis.text.x=element_text(size=9, angle=45, vjust=0.1), axis.text.y=element_text(size=11), plot.title=element_text(size=11))
> plot(q)
> q <- ggplot(sequences, aes(x=samples, y=phylum)) + geom_point(aes(size=value, color="aquamarine4")) + theme_void() + theme(axis.text.x=element_text(size=9, angle=45, vjust=0.1), axis.text.y=element_text(size=11), plot.title=element_text(size=11))
> plot(q)
> q <- ggplot(sequences, aes(x=samples, y=phylum)) + geom_point(aes(size=value, color="aquamarine4")) + theme_classic() + theme(axis.text.x=element_text(size=9, angle=45, vjust=0.1), axis.text.y=element_text(size=11), plot.title=element_text(size=11))
> plot(q)
> q <- ggplot(sequences, aes(x=samples, y=phylum))
> q + geom_point(aes(colour = factor(cyl)))
Error in factor(cyl) : oggetto "cyl" non trovato
> q + geom_point(aes(colour = aquamarine4))
Error in FUN(X[[i]], ...) : oggetto "aquamarine4" non trovato
> q + geom_point(aes(colour = red))
Error in FUN(X[[i]], ...) : oggetto "red" non trovato
> q + geom_point(aes(colour = "red"))
Error in UseMethod("depth") : 
  no applicable method for 'depth' applied to an object of class "NULL"
> q + geom_point(aes(size = value))
> q + geom_point(aes(color = "blue"))
> q + geom_point(aes(size = value, color = "blue"))
> q + geom_point(aes(size = value) colour= "red",)
Errore: unexpected symbol in "q + geom_point(aes(size = value) colour"
> q + geom_point(aes(size = value)) + geom_point(colour = "red")
> q + geom_point(aes(size = value)) + geom_point(colour = "red", size = value)
Error in layer(data = data, mapping = mapping, stat = stat, geom = GeomPoint,  : 
  oggetto "value" non trovato
> q + geom_point(aes(size = value)) + geom_point(colour = "red", size = 3)
> q + geom_point(colour = "red", aes(size = value))
Error in UseMethod("depth") : 
  no applicable method for 'depth' applied to an object of class "NULL"
> q + geom_point(colour = "red", aes(size = value)) + theme_classic()
Error in UseMethod("depth") : 
  no applicable method for 'depth' applied to an object of class "NULL"
> q + geom_point(alpha = 1/100, colour = "red", aes(size = value)) + theme_classic()
Error in UseMethod("depth") : 
  no applicable method for 'depth' applied to an object of class "NULL"
> q + geom_point(depht = "FALSE", colour = "red", aes(size = value)) + theme_classic()
Warning: Ignoring unknown parameters: depht
> q + geom_point(depht = "TRUE", colour = "red", aes(size = value)) + theme_classic()
Warning: Ignoring unknown parameters: depht
> q + geom_point(colour = "red", aes(size = value)) + theme_classic()
> q <- ggplot(sequences, aes(x=samples, y=phylum, size = depth))
> q + geom_point(colour = "red", aes(size = value)) + theme_classic()
Error in UseMethod("depth") : 
  no applicable method for 'depth' applied to an object of class "NULL"
> q <- ggplot(sequences, aes(x=samples, y=phylum))
> q + geom_point(size = depth, colour = "red", aes(size = value)) + theme_classic()
Error in layer(data = data, mapping = mapping, stat = stat, geom = GeomPoint,  : 
  oggetto "depth" non trovato
> q + geom_point(colour = "red", aes(size = value)) + theme_classic()
> q + geom_point(colour = "red", aes(size = value)) + theme_classic() + scale_size_continuous( trans="exp", range=c(1,25))
Warning message:
Transformation introduced infinite values in discrete y-axis 
> q + geom_point(colour = "red", aes(size = value)) + theme_classic() + scale_size_continuous( trans="exp", range=c(0,5000))
Warning message:
Transformation introduced infinite values in discrete y-axis 
> q + geom_point(colour = "red", aes(size = value)) + theme_classic() + scale_size_continuous( trans="exp", range=c(0,200))
Warning message:
Transformation introduced infinite values in discrete y-axis 
> q + geom_point(colour = "red", aes(size = value)) + theme_classic() + scale_size_continuous( trans="lin", range=c(0,200))
Error in get(as.character(FUN), mode = "function", envir = envir) : 
  object 'lin_trans' of mode 'function' was not found
> q + geom_point(colour = "red", aes(size = value)) + theme_classic() + scale_size_continuous(range=c(0,200))
> q + geom_point(colour = "red", aes(size = value)) + theme_classic() + scale_size(range=c(0,200))
> q + geom_point(colour = "red", aes(size = value)) + theme_classic() + scale_size(range=c(0,20))
> q + geom_point(colour = "red", aes(size = value)) + theme_classic() + scale_size(range=c(0,15))
> sequences
                 phylum samples value
1         Acidobacteria  P7A.FD    27
2        Actinobacteria  P7A.FD    80
3         Bacteroidetes  P7A.FD   489
4         Cyanobacteria  P7A.FD    11
5   Deinococcus-Thermus  P7A.FD   176
6    Epsilonbacteraeota  P7A.FD    14
7            Firmicutes  P7A.FD   608
8       Latescibacteria  P7A.FD     0
9         Lentisphaerae  P7A.FD     2
10     Halanaerobiaeota  P7A.FD     0
11      Patescibacteria  P7A.FD    43
12       Planctomycetes  P7A.FD    12
13       Proteobacteria  P7A.FD  3475
14         Spirochaetes  P7A.FD    11
15          Tenericutes  P7A.FD     2
16          Thermotogae  P7A.FD     0
17      Verrucomicrobia  P7A.FD    17
18        Acidobacteria  P7B.FD    10
19       Actinobacteria  P7B.FD    44
20        Bacteroidetes  P7B.FD   372
21        Cyanobacteria  P7B.FD   130
22  Deinococcus-Thermus  P7B.FD   238
23   Epsilonbacteraeota  P7B.FD    10
24           Firmicutes  P7B.FD    20
25      Latescibacteria  P7B.FD     0
26        Lentisphaerae  P7B.FD     0
27     Halanaerobiaeota  P7B.FD     2
28      Patescibacteria  P7B.FD   151
29       Planctomycetes  P7B.FD    44
30       Proteobacteria  P7B.FD  5894
31         Spirochaetes  P7B.FD    30
32          Tenericutes  P7B.FD     2
33          Thermotogae  P7B.FD     0
34      Verrucomicrobia  P7B.FD    30
35        Acidobacteria  P7B.PS    12
36       Actinobacteria  P7B.PS    78
37        Bacteroidetes  P7B.PS   519
38        Cyanobacteria  P7B.PS    44
39  Deinococcus-Thermus  P7B.PS   344
40   Epsilonbacteraeota  P7B.PS     6
41           Firmicutes  P7B.PS   122
42      Latescibacteria  P7B.PS     0
43        Lentisphaerae  P7B.PS     0
44     Halanaerobiaeota  P7B.PS     0
45      Patescibacteria  P7B.PS   204
46       Planctomycetes  P7B.PS    45
47       Proteobacteria  P7B.PS  4281
48         Spirochaetes  P7B.PS    74
49          Tenericutes  P7B.PS     4
50          Thermotogae  P7B.PS     0
51      Verrucomicrobia  P7B.PS    20
52        Acidobacteria  P7C.FD    44
53       Actinobacteria  P7C.FD    29
54        Bacteroidetes  P7C.FD   891
55        Cyanobacteria  P7C.FD    23
56  Deinococcus-Thermus  P7C.FD    65
57   Epsilonbacteraeota  P7C.FD  1418
58           Firmicutes  P7C.FD    84
59      Latescibacteria  P7C.FD     0
60        Lentisphaerae  P7C.FD    39
61     Halanaerobiaeota  P7C.FD     9
62      Patescibacteria  P7C.FD    51
63       Planctomycetes  P7C.FD    51
64       Proteobacteria  P7C.FD  1480
65         Spirochaetes  P7C.FD    56
66          Tenericutes  P7C.FD   157
67          Thermotogae  P7C.FD    73
68      Verrucomicrobia  P7C.FD    42
69        Acidobacteria P7C.PEG   176
70       Actinobacteria P7C.PEG    96
71        Bacteroidetes P7C.PEG  1832
72        Cyanobacteria P7C.PEG   142
73  Deinococcus-Thermus P7C.PEG   125
74   Epsilonbacteraeota P7C.PEG  2816
75           Firmicutes P7C.PEG   159
76      Latescibacteria P7C.PEG     0
77        Lentisphaerae P7C.PEG    80
78     Halanaerobiaeota P7C.PEG    70
79      Patescibacteria P7C.PEG   136
80       Planctomycetes P7C.PEG   248
81       Proteobacteria P7C.PEG  3398
82         Spirochaetes P7C.PEG   279
83          Tenericutes P7C.PEG   210
84          Thermotogae P7C.PEG    99
85      Verrucomicrobia P7C.PEG   120
86        Acidobacteria  P7W.FD    84
87       Actinobacteria  P7W.FD    19
88        Bacteroidetes  P7W.FD  1147
89        Cyanobacteria  P7W.FD   107
90  Deinococcus-Thermus  P7W.FD   169
91   Epsilonbacteraeota  P7W.FD     9
92           Firmicutes  P7W.FD    42
93      Latescibacteria  P7W.FD    39
94        Lentisphaerae  P7W.FD     7
95     Halanaerobiaeota  P7W.FD     8
96      Patescibacteria  P7W.FD   292
97       Planctomycetes  P7W.FD   180
98       Proteobacteria  P7W.FD  3102
99         Spirochaetes  P7W.FD    82
100         Tenericutes  P7W.FD    67
101         Thermotogae  P7W.FD     2
102     Verrucomicrobia  P7W.FD   193
103       Acidobacteria P7W.PEG    92
104      Actinobacteria P7W.PEG    40
105       Bacteroidetes P7W.PEG  1350
106       Cyanobacteria P7W.PEG   348
107 Deinococcus-Thermus P7W.PEG   153
108  Epsilonbacteraeota P7W.PEG    28
109          Firmicutes P7W.PEG    81
110     Latescibacteria P7W.PEG    50
111       Lentisphaerae P7W.PEG    16
112    Halanaerobiaeota P7W.PEG     8
113     Patescibacteria P7W.PEG   344
114      Planctomycetes P7W.PEG   350
115      Proteobacteria P7W.PEG  3590
116        Spirochaetes P7W.PEG    91
117         Tenericutes P7W.PEG    89
118         Thermotogae P7W.PEG     4
119     Verrucomicrobia P7W.PEG   152
> q <- ggplot(sequences, aes(x=samples, y=phylum, fill= samples))
> plot(q)
> q + geom_point(colour = "red", aes(size = value)) + theme_classic() + scale_size(range=c(0,15))
> q + geom_point(colour = "red", aes(size = value)) + theme_classic() + scale_size(range=c(0,15)) + scale_color_manual(values=c("#999999", "#E69F00", "#56B4E9"))
> q + geom_point(aes(size = value)) + theme_classic() + scale_size(range=c(0,15)) + scale_color_manual(values=c("#999999", "#E69F00", "#56B4E9"))
> q <- ggplot(sequences, aes(x=samples, y=phylum))
> q + scale_color_manual(values=c("#999999", "#E69F00", "#56B4E9"))
> q + geom_point(aes(size = value)) + theme_classic() + scale_size(range=c(0,15))
> q + geom_point(aes(size = value)) + theme_classic() + scale_size(range=c(0,15)) + scale_color_manual(breaks = c("P7A.FD","P7B.PS","P7B.FD","P7C.FD","P7C.PEG","P7W.FD","P7W.PEG"), values = c("red","green","green","blue","blue","orange","orange"))
> q + geom_point(color = "red", aes(size = value)) + theme_classic() + scale_size(range=c(0,15)) + scale_color_manual(breaks = c("P7A.FD","P7B.PS","P7B.FD","P7C.FD","P7C.PEG","P7W.FD","P7W.PEG"), values = c("red","green","green","blue","blue","orange","orange"))
> q <- ggplot(sequences, aes(x=samples, y=phylum, color = samples))
> q + geom_point(aes(size = value)) + theme_classic() + scale_size(range=c(0,15)) + scale_color_manual(breaks = c("P7A.FD","P7B.PS","P7B.FD","P7C.FD","P7C.PEG","P7W.FD","P7W.PEG"), values = c("red","green","green","blue","blue","orange","orange"))
> 